Archive member included to satisfy reference by file (symbol)

/opt/devkitpro/libnx/lib/libnx.a(applet.o)
                              donut.o (appletMainLoop)
/opt/devkitpro/libnx/lib/libnx.a(sm.o)
                              /opt/devkitpro/libnx/lib/libnx.a(applet.o) (smGetServiceWrapper)
/opt/devkitpro/libnx/lib/libnx.a(default_window.o)
                              main.o (nwindowGetDefault)
/opt/devkitpro/libnx/lib/libnx.a(native_window.o)
                              /opt/devkitpro/libnx/lib/libnx.a(default_window.o) (nwindowClose)
/opt/devkitpro/libnx/lib/libnx.a(diag.o)
                              /opt/devkitpro/libnx/lib/libnx.a(applet.o) (diagAbortWithResult)
/opt/devkitpro/libnx/lib/libnx.a(env.o)
                              /opt/devkitpro/libnx/lib/libnx.a(applet.o) (envIsNso)
/opt/devkitpro/libnx/lib/libnx.a(hosversion.o)
                              /opt/devkitpro/libnx/lib/libnx.a(applet.o) (hosversionGet)
/opt/devkitpro/libnx/lib/libnx.a(pad.o)
                              main.o (padConfigureInput)
/opt/devkitpro/libnx/lib/libnx.a(console.o)
                              main.o (consoleInit)
/opt/devkitpro/libnx/lib/libnx.a(console_sw.o)
                              /opt/devkitpro/libnx/lib/libnx.a(console.o) (getDefaultConsoleRenderer)
/opt/devkitpro/libnx/lib/libnx.a(svc.o)
                              /opt/devkitpro/libnx/lib/libnx.a(applet.o) (svcExitProcess)
/opt/devkitpro/libnx/lib/libnx.a(switch_crt0.o)
                              (_start)
/opt/devkitpro/libnx/lib/libnx.a(default_font.bin.o)
                              /opt/devkitpro/libnx/lib/libnx.a(console.o) (default_font_bin)
/opt/devkitpro/libnx/lib/libnx.a(event.o)
                              /opt/devkitpro/libnx/lib/libnx.a(applet.o) (eventLoadRemote)
/opt/devkitpro/libnx/lib/libnx.a(mutex.o)
                              /opt/devkitpro/libnx/lib/libnx.a(applet.o) (mutexLock)
/opt/devkitpro/libnx/lib/libnx.a(tmem.o)
                              /opt/devkitpro/libnx/lib/libnx.a(applet.o) (tmemCreate)
/opt/devkitpro/libnx/lib/libnx.a(virtmem.o)
                              /opt/devkitpro/libnx/lib/libnx.a(tmem.o) (virtmemLock)
/opt/devkitpro/libnx/lib/libnx.a(wait.o)
                              /opt/devkitpro/libnx/lib/libnx.a(applet.o) (waitObjects)
/opt/devkitpro/libnx/lib/libnx.a(apm.o)
                              /opt/devkitpro/libnx/lib/libnx.a(applet.o) (apmInitialize)
/opt/devkitpro/libnx/lib/libnx.a(hid.o)
                              /opt/devkitpro/libnx/lib/libnx.a(pad.o) (hidGetNpadStyleSet)
/opt/devkitpro/libnx/lib/libnx.a(vi.o)
                              /opt/devkitpro/libnx/lib/libnx.a(default_window.o) (viInitialize)
/opt/devkitpro/libnx/lib/libnx.a(fence.o)
                              /opt/devkitpro/libnx/lib/libnx.a(native_window.o) (nvMultiFenceWait)
/opt/devkitpro/libnx/lib/libnx.a(nvhost-ctrl.o)
                              /opt/devkitpro/libnx/lib/libnx.a(fence.o) (nvioctlNvhostCtrl_EventSignal)
/opt/devkitpro/libnx/lib/libnx.a(binder.o)
                              /opt/devkitpro/libnx/lib/libnx.a(native_window.o) (binderCreate)
/opt/devkitpro/libnx/lib/libnx.a(buffer_producer.o)
                              /opt/devkitpro/libnx/lib/libnx.a(native_window.o) (bqRequestBuffer)
/opt/devkitpro/libnx/lib/libnx.a(framebuffer.o)
                              /opt/devkitpro/libnx/lib/libnx.a(console_sw.o) (framebufferMakeLinear)
/opt/devkitpro/libnx/lib/libnx.a(parcel.o)
                              /opt/devkitpro/libnx/lib/libnx.a(buffer_producer.o) (parcelCreate)
/opt/devkitpro/libnx/lib/libnx.a(alloc.o)
                              /opt/devkitpro/libnx/lib/libnx.a(virtmem.o) (__libnx_alloc)
/opt/devkitpro/libnx/lib/libnx.a(argv.o)
                              /opt/devkitpro/libnx/lib/libnx.a(switch_crt0.o) (__system_argc)
/opt/devkitpro/libnx/lib/libnx.a(dynamic.o)
                              /opt/devkitpro/libnx/lib/libnx.a(switch_crt0.o) (__nx_dynamic)
/opt/devkitpro/libnx/lib/libnx.a(init.o)
                              /opt/devkitpro/libnx/lib/libnx.a(switch_crt0.o) (__libnx_init)
/opt/devkitpro/libnx/lib/libnx.a(newlib.o)
                              /opt/devkitpro/libnx/lib/libnx.a(init.o) (__libnx_init_time)
/opt/devkitpro/libnx/lib/libnx.a(nxlink.o)
                              /opt/devkitpro/libnx/lib/libnx.a(argv.o) (nxlinkSetup)
/opt/devkitpro/libnx/lib/libnx.a(fs_dev.o)
                              /opt/devkitpro/libnx/lib/libnx.a(init.o) (fsdevMountSdmc)
/opt/devkitpro/libnx/lib/libnx.a(path_buf.o)
                              /opt/devkitpro/libnx/lib/libnx.a(fs_dev.o) (__nx_dev_path_buf)
/opt/devkitpro/libnx/lib/libnx.a(decode_utf8.o)
                              /opt/devkitpro/libnx/lib/libnx.a(fs_dev.o) (decode_utf8)
/opt/devkitpro/libnx/lib/libnx.a(cache.o)
                              /opt/devkitpro/libnx/lib/libnx.a(framebuffer.o) (armDCacheFlush)
/opt/devkitpro/libnx/lib/libnx.a(exception.o)
[...]
Memory Configuration

Name             Origin             Length             Attributes
*default*        0x0000000000000000 0xffffffffffffffff

Linker script and memory map

                0x0000000000000000                PROVIDE (__start__ = 0x0)
                0x0000000000000000                . = __start__
                [!provide]                        PROVIDE (__code_start = .)

.text           0x0000000000000000    0x214c8
 *(.crt0)
 .crt0          0x0000000000000000      0x130 /opt/devkitpro/libnx/lib/libnx.a(switch_crt0.o)
                0x0000000000000000                _start
                0x00000000000000e0                __nx_exit
                0x00000000000000f0                __nx_mod0
 *(.text.unlikely .text.*_unlikely .text.unlikely.*)
 *(.text.exit .text.exit.*)
 *fill*         0x0000000000000130       0x10 
 .text.exit     0x0000000000000140       0x34 /opt/devkitpro/devkitA64/lib/gcc/aarch64-none-elf/15.2.0/../../../../aarch64-none-elf/lib/pic/libg.a(libc_a-exit.o)
                0x0000000000000140                exit
 *(.text.startup .text.startup.*)
 *fill*         0x0000000000000174        0xc 
 .text.startup.main
                0x0000000000000180       0x54 main.o
                0x0000000000000180                main
 *(.text.hot .text.hot.*)
 *(.text .stub .text.* .gnu.linkonce.t.*)
 *fill*         0x00000000000001d4        0xc 
 .text.__do_global_dtors_aux
                0x00000000000001e0       0x50 /opt/devkitpro/devkitA64/lib/gcc/aarch64-none-elf/15.2.0/pic/crtbegin.o
 *fill*         0x0000000000000230       0x10 
 .text.frame_dummy
                0x0000000000000240       0x24 /opt/devkitpro/devkitA64/lib/gcc/aarch64-none-elf/15.2.0/pic/crtbegin.o
 *fill*         0x0000000000000264        0xc 
 .text.donut    0x0000000000000270      0x2b0 donut.o
                0x0000000000000270                donut
 .text._appletInfiniteSleepLoop
                0x0000000000000520       0x18 /opt/devkitpro/libnx/lib/libnx.a(applet.o)
 *fill*         0x0000000000000538        0x8 
 .text._appletCmdGetSession
                0x0000000000000540      0x108 /opt/devkitpro/libnx/lib/libnx.a(applet.o)
 *fill*         0x0000000000000648        0x8 
 .text._appletCmdInU8NoOut
                0x0000000000000650       0xcc /opt/devkitpro/libnx/lib/libnx.a(applet.o)
 *fill*         0x000000000000071c        0x4 
 .text._appletCmdInU32NoOut
                0x0000000000000720       0xcc /opt/devkitpro/libnx/lib/libnx.a(applet.o)
 *fill*         0x00000000000007ec        0x4 
 .text._appletGetSessionProxy.constprop.0
                0x00000000000007f0      0x12c /opt/devkitpro/libnx/lib/libnx.a(applet.o)
 *fill*         0x000000000000091c        0x4 
 .text._appletOpenLibraryAppletProxy.constprop.0
                0x0000000000000920      0x148 /opt/devkitpro/libnx/lib/libnx.a(applet.o)
 *fill*         0x0000000000000a68        0x8 
 .text._appletCmdGetEvent
                0x0000000000000a70       0xf8 /opt/devkitpro/libnx/lib/libnx.a(applet.o)
 *fill*         0x0000000000000b68        0x8 
 .text._appletCmdNoInOutU8.isra.0
                0x0000000000000b70       0xd4 /opt/devkitpro/libnx/lib/libnx.a(applet.o)
 *fill*         0x0000000000000c44        0xc 
 .text._appletCmdNoInOutU32.isra.0
                0x0000000000000c50       0xd4 /opt/devkitpro/libnx/lib/libnx.a(applet.o)
 *fill*         0x0000000000000d24        0xc 
 .text._appletCmdNoInOutU64.isra.0
                0x0000000000000d30       0xd4 /opt/devkitpro/libnx/lib/libnx.a(applet.o)
 *fill*         0x0000000000000e04        0xc 
 .text._appletCmdNoIO.isra.0
                0x0000000000000e10       0xc0 /opt/devkitpro/libnx/lib/libnx.a(applet.o)
 .text.appletGetAppletType
                0x0000000000000ed0       0x10 /opt/devkitpro/libnx/lib/libnx.a(applet.o)
                0x0000000000000ed0                appletGetAppletType
 .text.appletSetFocusHandlingMode
                0x0000000000000ee0      0x1b8 /opt/devkitpro/libnx/lib/libnx.a(applet.o)
                0x0000000000000ee0                appletSetFocusHandlingMode
 *fill*         0x0000000000001098        0x8 
 .text.appletSetCpuBoostMode
                0x00000000000010a0       0x5c /opt/devkitpro/libnx/lib/libnx.a(applet.o)
                0x00000000000010a0                appletSetCpuBoostMode
 *fill*         0x00000000000010fc        0x4 
 .text.appletCreateManagedDisplayLayer
                0x0000000000001100       0x2c /opt/devkitpro/libnx/lib/libnx.a(applet.o)
                0x0000000000001100                appletCreateManagedDisplayLayer
 *fill*         0x000000000000112c        0x4 
 .text.appletGetAppletResourceUserId
                0x0000000000001130        0xc /opt/devkitpro/libnx/lib/libnx.a(applet.o)
                0x0000000000001130                appletGetAppletResourceUserId
 *fill*         0x000000000000113c        0x4 
 .text._appletHolderCreateState
                0x0000000000001140      0x138 /opt/devkitpro/libnx/lib/libnx.a(applet.o)
 *fill*         0x0000000000001278        0x8 
 .text.appletHolderClose
                0x0000000000001280       0xb0 /opt/devkitpro/libnx/lib/libnx.a(applet.o)
                0x0000000000001280                appletHolderClose
 .text.appletHolderGetLibraryAppletInfo
                0x0000000000001330       0x24 /opt/devkitpro/libnx/lib/libnx.a(applet.o)
                0x0000000000001330                appletHolderGetLibraryAppletInfo
 *fill*         0x0000000000001354        0xc 
 .text.appletNotifyRunning
                0x0000000000001360       0x90 /opt/devkitpro/libnx/lib/libnx.a(applet.o)
                0x0000000000001360                appletNotifyRunning
 .text.appletSetGamePlayRecordingState
                0x00000000000013f0       0x78 /opt/devkitpro/libnx/lib/libnx.a(applet.o)
                0x00000000000013f0                appletSetGamePlayRecordingState
 *fill*         0x0000000000001468        0x8 
 .text._appletCleanup
                0x0000000000001470      0xad4 /opt/devkitpro/libnx/lib/libnx.a(applet.o)
 *fill*         0x0000000000001f44        0xc 
 .text.appletExit
                0x0000000000001f50       0x48 /opt/devkitpro/libnx/lib/libnx.a(applet.o)
                0x0000000000001f50                appletExit
 *fill*         0x0000000000001f98        0x8 
 .text.appletGetLibraryAppletInfo
                0x0000000000001fa0       0x40 /opt/devkitpro/libnx/lib/libnx.a(applet.o)
                0x0000000000001fa0                appletGetLibraryAppletInfo
 .text.appletInitialize
                0x0000000000001fe0      0xc14 /opt/devkitpro/libnx/lib/libnx.a(applet.o)
                0x0000000000001fe0                appletInitialize
 *fill*         0x0000000000002bf4        0xc 
 .text._appletExitProcess
                0x0000000000002c00       0x24 /opt/devkitpro/libnx/lib/libnx.a(applet.o)
 *fill*         0x0000000000002c24        0xc 
 .text.appletGetMessage
                0x0000000000002c30       0x74 /opt/devkitpro/libnx/lib/libnx.a(applet.o)
                0x0000000000002c30                appletGetMessage
 *fill*         0x0000000000002ca4        0xc 
 .text.appletProcessMessage
                0x0000000000002cb0      0x264 /opt/devkitpro/libnx/lib/libnx.a(applet.o)
                0x0000000000002cb0                appletProcessMessage
 *fill*         0x0000000000002f14        0xc 
 .text.appletMainLoop
                0x0000000000002f20       0x34 /opt/devkitpro/libnx/lib/libnx.a(applet.o)
                0x0000000000002f20                appletMainLoop
 *fill*         0x0000000000002f54        0xc 
 .text._smCmifCmdInPid
                0x0000000000002f60       0xcc /opt/devkitpro/libnx/lib/libnx.a(sm.o)
 *fill*         0x000000000000302c        0x4 
 .text._smCleanup
                0x0000000000003030       0x78 /opt/devkitpro/libnx/lib/libnx.a(sm.o)
 *fill*         0x00000000000030a8        0x8 
 .text.smAddOverrideHandle
                0x00000000000030b0       0x48 /opt/devkitpro/libnx/lib/libnx.a(sm.o)
                0x00000000000030b0                smAddOverrideHandle
 *fill*         0x00000000000030f8        0x8 
 .text.smGetServiceOverride
                0x0000000000003100       0x54 /opt/devkitpro/libnx/lib/libnx.a(sm.o)
                0x0000000000003100                smGetServiceOverride
 *fill*         0x0000000000003154        0xc 
 .text.smInitialize
                0x0000000000003160      0x1ac /opt/devkitpro/libnx/lib/libnx.a(sm.o)
                0x0000000000003160                smInitialize
 *fill*         0x000000000000330c        0x4 
 .text.smExit   0x0000000000003310       0x48 /opt/devkitpro/libnx/lib/libnx.a(sm.o)
                0x0000000000003310                smExit
 *fill*         0x0000000000003358        0x8 
 .text.smGetServiceOriginal
                0x0000000000003360       0xd0 /opt/devkitpro/libnx/lib/libnx.a(sm.o)
                0x0000000000003360                smGetServiceOriginal
 .text.smGetServiceWrapper
                0x0000000000003430      0x120 /opt/devkitpro/libnx/lib/libnx.a(sm.o)
                0x0000000000003430                smGetServiceWrapper
 .text.nwindowGetDefault
                0x0000000000003550        0xc /opt/devkitpro/libnx/lib/libnx.a(default_window.o)
                0x0000000000003550                nwindowGetDefault
 *fill*         0x000000000000355c        0x4 
 .text.__nx_win_init
                0x0000000000003560       0xa4 /opt/devkitpro/libnx/lib/libnx.a(default_window.o)
                0x0000000000003560                __nx_win_init
 *fill*         0x0000000000003604        0xc 
 .text.__nx_win_exit
                0x0000000000003610       0x34 /opt/devkitpro/libnx/lib/libnx.a(default_window.o)
                0x0000000000003610                __nx_win_exit
 *fill*         0x0000000000003644        0xc 
 .text.nwindowIsValid
                0x0000000000003650       0x24 /opt/devkitpro/libnx/lib/libnx.a(native_window.o)
                0x0000000000003650                nwindowIsValid
 *fill*         0x0000000000003674        0xc 
 .text.nwindowClose
                0x0000000000003680       0x7c /opt/devkitpro/libnx/lib/libnx.a(native_window.o)
                0x0000000000003680                nwindowClose
 *fill*         0x00000000000036fc        0x4 
 .text.nwindowCreate
                0x0000000000003700       0xf8 /opt/devkitpro/libnx/lib/libnx.a(native_window.o)
                0x0000000000003700                nwindowCreate
 *fill*         0x00000000000037f8        0x8 
 .text.nwindowCreateFromLayer
                0x0000000000003800       0x38 /opt/devkitpro/libnx/lib/libnx.a(native_window.o)
                0x0000000000003800                nwindowCreateFromLayer
 *fill*         0x0000000000003838        0x8 
 .text.nwindowSetDimensions
                0x0000000000003840       0x84 /opt/devkitpro/libnx/lib/libnx.a(native_window.o)
                0x0000000000003840                nwindowSetDimensions
 *fill*         0x00000000000038c4        0xc 
 .text.nwindowSetSwapInterval
                0x00000000000038d0       0x40 /opt/devkitpro/libnx/lib/libnx.a(native_window.o)
                0x00000000000038d0                nwindowSetSwapInterval
 .text.nwindowConfigureBuffer
                0x0000000000003910      0x180 /opt/devkitpro/libnx/lib/libnx.a(native_window.o)
                0x0000000000003910                nwindowConfigureBuffer
 .text.nwindowDequeueBuffer
                0x0000000000003a90      0x1cc /opt/devkitpro/libnx/lib/libnx.a(native_window.o)
                0x0000000000003a90                nwindowDequeueBuffer
 *fill*         0x0000000000003c5c        0x4 
 .text.nwindowQueueBuffer
                0x0000000000003c60      0x12c /opt/devkitpro/libnx/lib/libnx.a(native_window.o)
                0x0000000000003c60                nwindowQueueBuffer
 *fill*         0x0000000000003d8c        0x4 
 .text.nwindowReleaseBuffers
                0x0000000000003d90       0xbc /opt/devkitpro/libnx/lib/libnx.a(native_window.o)
                0x0000000000003d90                nwindowReleaseBuffers
 *fill*         0x0000000000003e4c        0x4 
 .text.diagAbortWithResult
                0x0000000000003e50       0x1c /opt/devkitpro/libnx/lib/libnx.a(diag.o)
                0x0000000000003e50                diagAbortWithResult
 *fill*         0x0000000000003e6c        0x4 
 .text.envSetup
                0x0000000000003e70      0x208 /opt/devkitpro/libnx/lib/libnx.a(env.o)
                0x0000000000003e70                envSetup
 *fill*         0x0000000000004078        0x8 
 .text.envGetMainThreadHandle
                0x0000000000004080       0x20 /opt/devkitpro/libnx/lib/libnx.a(env.o)
                0x0000000000004080                envGetMainThreadHandle
 .text.envIsNso
                0x00000000000040a0        0xc /opt/devkitpro/libnx/lib/libnx.a(env.o)
                0x00000000000040a0                envIsNso
 *fill*         0x00000000000040ac        0x4 
 .text.envHasHeapOverride
                0x00000000000040b0       0x14 /opt/devkitpro/libnx/lib/libnx.a(env.o)
                0x00000000000040b0                envHasHeapOverride
 *fill*         0x00000000000040c4        0xc 
 .text.envGetHeapOverrideAddr
                0x00000000000040d0        0xc /opt/devkitpro/libnx/lib/libnx.a(env.o)
                0x00000000000040d0                envGetHeapOverrideAddr
 *fill*         0x00000000000040dc        0x4 
 .text.envGetHeapOverrideSize
                0x00000000000040e0        0xc /opt/devkitpro/libnx/lib/libnx.a(env.o)
                0x00000000000040e0                envGetHeapOverrideSize
 *fill*         0x00000000000040ec        0x4 
 .text.envHasArgv
                0x00000000000040f0       0x14 /opt/devkitpro/libnx/lib/libnx.a(env.o)
                0x00000000000040f0                envHasArgv
 *fill*         0x0000000000004104        0xc 
 .text.envGetArgv
                0x0000000000004110        0xc /opt/devkitpro/libnx/lib/libnx.a(env.o)
                0x0000000000004110                envGetArgv
 *fill*         0x000000000000411c        0x4 
 .text.envGetExitFuncPtr
                0x0000000000004120        0xc /opt/devkitpro/libnx/lib/libnx.a(env.o)
                0x0000000000004120                envGetExitFuncPtr
 *fill*         0x000000000000412c        0x4 
 .text.envSetExitFuncPtr
                0x0000000000004130        0xc /opt/devkitpro/libnx/lib/libnx.a(env.o)
                0x0000000000004130                envSetExitFuncPtr
 *fill*         0x000000000000413c        0x4 
 .text.envHasRandomSeed
                0x0000000000004140        0xc /opt/devkitpro/libnx/lib/libnx.a(env.o)
                0x0000000000004140                envHasRandomSeed
 *fill*         0x000000000000414c        0x4 
 .text.envGetRandomSeed
                0x0000000000004150       0x10 /opt/devkitpro/libnx/lib/libnx.a(env.o)
                0x0000000000004150                envGetRandomSeed
 .text.hosversionGet
                0x0000000000004160       0x14 /opt/devkitpro/libnx/lib/libnx.a(hosversion.o)
                0x0000000000004160                hosversionGet
 *fill*         0x0000000000004174        0xc 
 .text.hosversionSet
                0x0000000000004180       0x10 /opt/devkitpro/libnx/lib/libnx.a(hosversion.o)
                0x0000000000004180                hosversionSet
 .text.padConfigureInput
                0x0000000000004190       0x9c /opt/devkitpro/libnx/lib/libnx.a(pad.o)
                0x0000000000004190                padConfigureInput
 *fill*         0x000000000000422c        0x4 
 .text.padInitializeWithMask
                0x0000000000004230       0x24 /opt/devkitpro/libnx/lib/libnx.a(pad.o)
                0x0000000000004230                padInitializeWithMask
 *fill*         0x0000000000004254        0xc 
 .text.padUpdate
                0x0000000000004260      0x29c /opt/devkitpro/libnx/lib/libnx.a(pad.o)
                0x0000000000004260                padUpdate
 *fill*         0x00000000000044fc        0x4 
 .text.consoleDrawChar
                0x0000000000004500       0x50 /opt/devkitpro/libnx/lib/libnx.a(console.o)
 .text.consoleNewRow
                0x0000000000004550       0xb8 /opt/devkitpro/libnx/lib/libnx.a(console.o)
 *fill*         0x0000000000004608        0x8 
 .text.consolePrintChar.part.0
                0x0000000000004610      0x194 /opt/devkitpro/libnx/lib/libnx.a(console.o)
 *fill*         0x00000000000047a4        0xc 
 .text.con_write
                0x00000000000047b0      0xdf8 /opt/devkitpro/libnx/lib/libnx.a(console.o)
 *fill*         0x00000000000055a8        0x8 
 .text.consoleInit
                0x00000000000055b0      0x160 /opt/devkitpro/libnx/lib/libnx.a(console.o)
                0x00000000000055b0                consoleInit
 .text.consoleExit
                0x0000000000005710       0x44 /opt/devkitpro/libnx/lib/libnx.a(console.o)
                0x0000000000005710                consoleExit
 *fill*         0x0000000000005754        0xc 
 .text.consoleUpdate
                0x0000000000005760       0x2c /opt/devkitpro/libnx/lib/libnx.a(console.o)
                0x0000000000005760                consoleUpdate
 *fill*         0x000000000000578c        0x4 
 .text.ConsoleSwRenderer_drawChar
                0x0000000000005790      0x1bc /opt/devkitpro/libnx/lib/libnx.a(console_sw.o)
 *fill*         0x000000000000594c        0x4 
 .text.ConsoleSwRenderer_init
                0x0000000000005950       0xe8 /opt/devkitpro/libnx/lib/libnx.a(console_sw.o)
 *fill*         0x0000000000005a38        0x8 
 .text.ConsoleSwRenderer_flushAndSwap
                0x0000000000005a40       0x78 /opt/devkitpro/libnx/lib/libnx.a(console_sw.o)
 *fill*         0x0000000000005ab8        0x8 
 .text.ConsoleSwRenderer_scrollWindow
                0x0000000000005ac0       0xdc /opt/devkitpro/libnx/lib/libnx.a(console_sw.o)
 *fill*         0x0000000000005b9c        0x4 
 .text.ConsoleSwRenderer_deinit
                0x0000000000005ba0       0x50 /opt/devkitpro/libnx/lib/libnx.a(console_sw.o)
 .text.getDefaultConsoleRenderer
                0x0000000000005bf0        0xc /opt/devkitpro/libnx/lib/libnx.a(console_sw.o)
                0x0000000000005bf0                getDefaultConsoleRenderer
 .text.svcSetHeapSize
                0x0000000000005bfc       0x14 /opt/devkitpro/libnx/lib/libnx.a(svc.o)
                0x0000000000005bfc                svcSetHeapSize
 .text.svcSetMemoryPermission
                0x0000000000005c10        0x8 /opt/devkitpro/libnx/lib/libnx.a(svc.o)
                0x0000000000005c10                svcSetMemoryPermission
 .text.svcSetMemoryAttribute
                0x0000000000005c18        0x8 /opt/devkitpro/libnx/lib/libnx.a(svc.o)
                0x0000000000005c18                svcSetMemoryAttribute
 .text.svcUnmapMemory
                0x0000000000005c20        0x8 /opt/devkitpro/libnx/lib/libnx.a(svc.o)
                0x0000000000005c20                svcUnmapMemory
 .text.svcQueryMemory
                0x0000000000005c28       0x14 /opt/devkitpro/libnx/lib/libnx.a(svc.o)
                0x0000000000005c28                svcQueryMemory
 .text.svcExitProcess
                0x0000000000005c3c        0x8 /opt/devkitpro/libnx/lib/libnx.a(svc.o)
                0x0000000000005c3c                svcExitProcess
 .text.svcSleepThread
                0x0000000000005c44        0x8 /opt/devkitpro/libnx/lib/libnx.a(svc.o)
                0x0000000000005c44                svcSleepThread
 .text.svcMapSharedMemory
                0x0000000000005c4c        0x8 /opt/devkitpro/libnx/lib/libnx.a(svc.o)
                0x0000000000005c4c                svcMapSharedMemory
 .text.svcUnmapSharedMemory
                0x0000000000005c54        0x8 /opt/devkitpro/libnx/lib/libnx.a(svc.o)
                0x0000000000005c54                svcUnmapSharedMemory
 .text.svcCreateTransferMemory
                0x0000000000005c5c       0x14 /opt/devkitpro/libnx/lib/libnx.a(svc.o)
                0x0000000000005c5c                svcCreateTransferMemory
 .text.svcCloseHandle
                0x0000000000005c70        0x8 /opt/devkitpro/libnx/lib/libnx.a(svc.o)
                0x0000000000005c70                svcCloseHandle
 .text.svcResetSignal
                0x0000000000005c78        0x8 /opt/devkitpro/libnx/lib/libnx.a(svc.o)
                0x0000000000005c78                svcResetSignal
 .text.svcWaitSynchronization
                0x0000000000005c80       0x14 /opt/devkitpro/libnx/lib/libnx.a(svc.o)
                0x0000000000005c80                svcWaitSynchronization
 .text.svcArbitrateLock
                0x0000000000005c94        0x8 /opt/devkitpro/libnx/lib/libnx.a(svc.o)
                0x0000000000005c94                svcArbitrateLock
 .text.svcArbitrateUnlock
                0x0000000000005c9c        0x8 /opt/devkitpro/libnx/lib/libnx.a(svc.o)
                0x0000000000005c9c                svcArbitrateUnlock
 .text.svcWaitProcessWideKeyAtomic
                0x0000000000005ca4        0x8 /opt/devkitpro/libnx/lib/libnx.a(svc.o)
                0x0000000000005ca4                svcWaitProcessWideKeyAtomic
 .text.svcSignalProcessWideKey
                0x0000000000005cac        0x8 /opt/devkitpro/libnx/lib/libnx.a(svc.o)
                0x0000000000005cac                svcSignalProcessWideKey
 .text.svcConnectToNamedPort
                0x0000000000005cb4       0x14 /opt/devkitpro/libnx/lib/libnx.a(svc.o)
                0x0000000000005cb4                svcConnectToNamedPort
 .text.svcSendSyncRequest
                0x0000000000005cc8        0x8 /opt/devkitpro/libnx/lib/libnx.a(svc.o)
                0x0000000000005cc8                svcSendSyncRequest
 .text.svcBreak
                0x0000000000005cd0        0x8 /opt/devkitpro/libnx/lib/libnx.a(svc.o)
                0x0000000000005cd0                svcBreak
 .text.svcReturnFromException
                0x0000000000005cd8        0x8 /opt/devkitpro/libnx/lib/libnx.a(svc.o)
                0x0000000000005cd8                svcReturnFromException
 .text.svcGetInfo
                0x0000000000005ce0       0x14 /opt/devkitpro/libnx/lib/libnx.a(svc.o)
                0x0000000000005ce0                svcGetInfo
 .text.svcUnmapTransferMemory
                0x0000000000005cf4        0x8 /opt/devkitpro/libnx/lib/libnx.a(svc.o)
                0x0000000000005cf4                svcUnmapTransferMemory
 *fill*         0x0000000000005cfc        0x4 
 .text.eventLoadRemote
                0x0000000000005d00        0xc /opt/devkitpro/libnx/lib/libnx.a(event.o)
                0x0000000000005d00                eventLoadRemote
 *fill*         0x0000000000005d0c        0x4 
 .text.eventWait
                0x0000000000005d10       0x34 /opt/devkitpro/libnx/lib/libnx.a(event.o)
                0x0000000000005d10                eventWait
 *fill*         0x0000000000005d44        0xc 
 .text.eventClose
                0x0000000000005d50       0x54 /opt/devkitpro/libnx/lib/libnx.a(event.o)
                0x0000000000005d50                eventClose
 *fill*         0x0000000000005da4        0xc 
 .text.mutexLock
                0x0000000000005db0       0xc8 /opt/devkitpro/libnx/lib/libnx.a(mutex.o)
                0x0000000000005db0                mutexLock
 *fill*         0x0000000000005e78        0x8 
 .text.mutexUnlock
                0x0000000000005e80       0x68 /opt/devkitpro/libnx/lib/libnx.a(mutex.o)
                0x0000000000005e80                mutexUnlock
 *fill*         0x0000000000005ee8        0x8 
 .text.mutexIsLockedByCurrentThread
                0x0000000000005ef0       0x1c /opt/devkitpro/libnx/lib/libnx.a(mutex.o)
                0x0000000000005ef0                mutexIsLockedByCurrentThread
 *fill*         0x0000000000005f0c        0x4 
 .text.rmutexLock
                0x0000000000005f10       0x50 /opt/devkitpro/libnx/lib/libnx.a(mutex.o)
                0x0000000000005f10                rmutexLock
 .text.rmutexUnlock
                0x0000000000005f60       0x18 /opt/devkitpro/libnx/lib/libnx.a(mutex.o)
                0x0000000000005f60                rmutexUnlock
 *fill*         0x0000000000005f78        0x8 
 .text.tmemCreate
                0x0000000000005f80       0xa8 /opt/devkitpro/libnx/lib/libnx.a(tmem.o)
                0x0000000000005f80                tmemCreate
 *fill*         0x0000000000006028        0x8 
 .text.tmemUnmap
                0x0000000000006030       0x34 /opt/devkitpro/libnx/lib/libnx.a(tmem.o)
                0x0000000000006030                tmemUnmap
 *fill*         0x0000000000006064        0xc 
 .text.tmemCloseHandle
                0x0000000000006070       0x30 /opt/devkitpro/libnx/lib/libnx.a(tmem.o)
                0x0000000000006070                tmemCloseHandle
 .text.tmemWaitForPermission
                0x00000000000060a0       0x9c /opt/devkitpro/libnx/lib/libnx.a(tmem.o)
                0x00000000000060a0                tmemWaitForPermission
 *fill*         0x000000000000613c        0x4 
 .text.tmemClose
                0x0000000000006140       0x50 /opt/devkitpro/libnx/lib/libnx.a(tmem.o)
                0x0000000000006140                tmemClose
 .text._memregionInitWithInfo
                0x0000000000006190       0x64 /opt/devkitpro/libnx/lib/libnx.a(virtmem.o)
 *fill*         0x00000000000061f4        0xc 
 .text.__libnx_virtmem_rng
                0x0000000000006200        0x4 /opt/devkitpro/libnx/lib/libnx.a(virtmem.o)
                0x0000000000006200                __libnx_virtmem_rng
 *fill*         0x0000000000006204        0xc 
 .text._memregionFindRandom
                0x0000000000006210      0x164 /opt/devkitpro/libnx/lib/libnx.a(virtmem.o)
 *fill*         0x0000000000006374        0xc 
 .text.virtmemSetup
                0x0000000000006380      0x140 /opt/devkitpro/libnx/lib/libnx.a(virtmem.o)
                0x0000000000006380                virtmemSetup
 .text.virtmemLock
                0x00000000000064c0        0xc /opt/devkitpro/libnx/lib/libnx.a(virtmem.o)
                0x00000000000064c0                virtmemLock
 *fill*         0x00000000000064cc        0x4 
 .text.virtmemUnlock
                0x00000000000064d0        0xc /opt/devkitpro/libnx/lib/libnx.a(virtmem.o)
                0x00000000000064d0                virtmemUnlock
 *fill*         0x00000000000064dc        0x4 
 .text.virtmemFindAslr
                0x00000000000064e0       0x50 /opt/devkitpro/libnx/lib/libnx.a(virtmem.o)
                0x00000000000064e0                virtmemFindAslr
 .text.waitObjects
                0x0000000000006530      0x57c /opt/devkitpro/libnx/lib/libnx.a(wait.o)
                0x0000000000006530                waitObjects
 *fill*         0x0000000000006aac        0x4 
 .text._apmCleanup
                0x0000000000006ab0       0xd4 /opt/devkitpro/libnx/lib/libnx.a(apm.o)
 *fill*         0x0000000000006b84        0xc 
 .text.apmInitialize
                0x0000000000006b90      0x194 /opt/devkitpro/libnx/lib/libnx.a(apm.o)
                0x0000000000006b90                apmInitialize
 *fill*         0x0000000000006d24        0xc 
 .text.apmExit  0x0000000000006d30       0x48 /opt/devkitpro/libnx/lib/libnx.a(apm.o)
                0x0000000000006d30                apmExit
 *fill*         0x0000000000006d78        0x8 
 .text.apmSetPerformanceConfiguration
                0x0000000000006d80       0xc8 /opt/devkitpro/libnx/lib/libnx.a(apm.o)
                0x0000000000006d80                apmSetPerformanceConfiguration
 *fill*         0x0000000000006e48        0x8 
 .text._hidCleanup
                0x0000000000006e50      0x12c /opt/devkitpro/libnx/lib/libnx.a(hid.o)
 *fill*         0x0000000000006f7c        0x4 
 .text._hidCmdInAruidNoOut
                0x0000000000006f80       0xd4 /opt/devkitpro/libnx/lib/libnx.a(hid.o)
 *fill*         0x0000000000007054        0xc 
 .text._hidCmdInU32AruidNoOut
                0x0000000000007060       0xe0 /opt/devkitpro/libnx/lib/libnx.a(hid.o)
 .text._hidGetStates
                0x0000000000007140      0x194 /opt/devkitpro/libnx/lib/libnx.a(hid.o)
 *fill*         0x00000000000072d4        0xc 
 .text.hidInitialize
                0x00000000000072e0      0x26c /opt/devkitpro/libnx/lib/libnx.a(hid.o)
                0x00000000000072e0                hidInitialize
 *fill*         0x000000000000754c        0x4 
 .text.hidExit  0x0000000000007550       0x48 /opt/devkitpro/libnx/lib/libnx.a(hid.o)
                0x0000000000007550                hidExit
 *fill*         0x0000000000007598        0x8 
 .text.hidGetSharedmemAddr
                0x00000000000075a0        0xc /opt/devkitpro/libnx/lib/libnx.a(hid.o)
                0x00000000000075a0                hidGetSharedmemAddr
 *fill*         0x00000000000075ac        0x4 
 .text.hidGetNpadStyleSet
                0x00000000000075b0       0x90 /opt/devkitpro/libnx/lib/libnx.a(hid.o)
                0x00000000000075b0                hidGetNpadStyleSet
 .text.hidInitializeNpad
                0x0000000000007640       0x84 /opt/devkitpro/libnx/lib/libnx.a(hid.o)
                0x0000000000007640                hidInitializeNpad
 *fill*         0x00000000000076c4        0xc 
 .text.hidGetNpadStatesFullKey
                0x00000000000076d0       0xa4 /opt/devkitpro/libnx/lib/libnx.a(hid.o)
                0x00000000000076d0                hidGetNpadStatesFullKey
 *fill*         0x0000000000007774        0xc 
 .text.hidGetNpadStatesHandheld
                0x0000000000007780       0xa4 /opt/devkitpro/libnx/lib/libnx.a(hid.o)
                0x0000000000007780                hidGetNpadStatesHandheld
 *fill*         0x0000000000007824        0xc 
 .text.hidGetNpadStatesJoyDual
                0x0000000000007830       0xa4 /opt/devkitpro/libnx/lib/libnx.a(hid.o)
                0x0000000000007830                hidGetNpadStatesJoyDual
 *fill*         0x00000000000078d4        0xc 
 .text.hidGetNpadStatesJoyLeft
                0x00000000000078e0       0xa4 /opt/devkitpro/libnx/lib/libnx.a(hid.o)
                0x00000000000078e0                hidGetNpadStatesJoyLeft
 *fill*         0x0000000000007984        0xc 
 .text.hidGetNpadStatesJoyRight
                0x0000000000007990       0xa4 /opt/devkitpro/libnx/lib/libnx.a(hid.o)
                0x0000000000007990                hidGetNpadStatesJoyRight
 *fill*         0x0000000000007a34        0xc 
 .text.hidGetNpadStatesGc
                0x0000000000007a40      0x144 /opt/devkitpro/libnx/lib/libnx.a(hid.o)
                0x0000000000007a40                hidGetNpadStatesGc
 *fill*         0x0000000000007b84        0xc 
 .text.hidGetNpadStatesSystemExt
                0x0000000000007b90       0xa8 /opt/devkitpro/libnx/lib/libnx.a(hid.o)
                0x0000000000007b90                hidGetNpadStatesSystemExt
 *fill*         0x0000000000007c38        0x8 
 .text.hidSetSupportedNpadStyleSet
                0x0000000000007c40        0x8 /opt/devkitpro/libnx/lib/libnx.a(hid.o)
                0x0000000000007c40                hidSetSupportedNpadStyleSet
 *fill*         0x0000000000007c48        0x8 
 .text.hidSetSupportedNpadIdType
                0x0000000000007c50      0x100 /opt/devkitpro/libnx/lib/libnx.a(hid.o)
                0x0000000000007c50                hidSetSupportedNpadIdType
 .text._viCleanup
                0x0000000000007d50      0x230 /opt/devkitpro/libnx/lib/libnx.a(vi.o)
 .text._viCmdGetSessionNoParams.constprop.0
                0x0000000000007f80      0x100 /opt/devkitpro/libnx/lib/libnx.a(vi.o)
 .text.viInitialize
                0x0000000000008080      0x368 /opt/devkitpro/libnx/lib/libnx.a(vi.o)
                0x0000000000008080                viInitialize
 *fill*         0x00000000000083e8        0x8 
 .text.viExit   0x00000000000083f0       0x48 /opt/devkitpro/libnx/lib/libnx.a(vi.o)
                0x00000000000083f0                viExit
 *fill*         0x0000000000008438        0x8 
 .text.viGetSession_IHOSBinderDriverRelay
                0x0000000000008440        0xc /opt/devkitpro/libnx/lib/libnx.a(vi.o)
                0x0000000000008440                viGetSession_IHOSBinderDriverRelay
 *fill*         0x000000000000844c        0x4 
 .text.viOpenDisplay
                0x0000000000008450      0x10c /opt/devkitpro/libnx/lib/libnx.a(vi.o)
                0x0000000000008450                viOpenDisplay
 *fill*         0x000000000000855c        0x4 
 .text.viCloseDisplay
                0x0000000000008560       0xec /opt/devkitpro/libnx/lib/libnx.a(vi.o)
                0x0000000000008560                viCloseDisplay
 *fill*         0x000000000000864c        0x4 
 .text.viCloseLayer
                0x0000000000008650       0xf4 /opt/devkitpro/libnx/lib/libnx.a(vi.o)
                0x0000000000008650                viCloseLayer
 *fill*         0x0000000000008744        0xc 
 .text.viCreateLayer
                0x0000000000008750      0x394 /opt/devkitpro/libnx/lib/libnx.a(vi.o)
                0x0000000000008750                viCreateLayer
 *fill*         0x0000000000008ae4        0xc 
 .text.viSetLayerScalingMode
                0x0000000000008af0       0xd8 /opt/devkitpro/libnx/lib/libnx.a(vi.o)
                0x0000000000008af0                viSetLayerScalingMode
 *fill*         0x0000000000008bc8        0x8 
 .text._nvFenceCleanup
                0x0000000000008bd0       0x74 /opt/devkitpro/libnx/lib/libnx.a(fence.o)
 *fill*         0x0000000000008c44        0xc 
 .text.nvFenceInit
                0x0000000000008c50       0x98 /opt/devkitpro/libnx/lib/libnx.a(fence.o)
                0x0000000000008c50                nvFenceInit
 *fill*         0x0000000000008ce8        0x8 
 .text.nvFenceExit
                0x0000000000008cf0       0x48 /opt/devkitpro/libnx/lib/libnx.a(fence.o)
                0x0000000000008cf0                nvFenceExit
 *fill*         0x0000000000008d38        0x8 
 .text.nvFenceWait
                0x0000000000008d40      0x290 /opt/devkitpro/libnx/lib/libnx.a(fence.o)
                0x0000000000008d40                nvFenceWait
 .text.nvMultiFenceWait
                0x0000000000008fd0       0x7c /opt/devkitpro/libnx/lib/libnx.a(fence.o)
                0x0000000000008fd0                nvMultiFenceWait
 *fill*         0x000000000000904c        0x4 
 .text.nvioctlNvhostCtrl_EventSignal
                0x0000000000009050       0x24 /opt/devkitpro/libnx/lib/libnx.a(nvhost-ctrl.o)
                0x0000000000009050                nvioctlNvhostCtrl_EventSignal
 *fill*         0x0000000000009074        0xc 
 .text.nvioctlNvhostCtrl_EventWait
                0x0000000000009080       0x3c /opt/devkitpro/libnx/lib/libnx.a(nvhost-ctrl.o)
                0x0000000000009080                nvioctlNvhostCtrl_EventWait
 *fill*         0x00000000000090bc        0x4 
 .text.nvioctlNvhostCtrl_EventWaitAsync
                0x00000000000090c0       0x28 /opt/devkitpro/libnx/lib/libnx.a(nvhost-ctrl.o)
                0x00000000000090c0                nvioctlNvhostCtrl_EventWaitAsync
 *fill*         0x00000000000090e8        0x8 
 .text.nvioctlNvhostCtrl_EventRegister
                0x00000000000090f0       0x24 /opt/devkitpro/libnx/lib/libnx.a(nvhost-ctrl.o)
                0x00000000000090f0                nvioctlNvhostCtrl_EventRegister
 *fill*         0x0000000000009114        0xc 
 .text.nvioctlNvhostCtrl_EventUnregister
                0x0000000000009120       0x24 /opt/devkitpro/libnx/lib/libnx.a(nvhost-ctrl.o)
                0x0000000000009120                nvioctlNvhostCtrl_EventUnregister
 *fill*         0x0000000000009144        0xc 
 .text.binderCreate
                0x0000000000009150       0x1c /opt/devkitpro/libnx/lib/libnx.a(binder.o)
                0x0000000000009150                binderCreate
 *fill*         0x000000000000916c        0x4 
 .text.binderTransactParcel
                0x0000000000009170      0x35c /opt/devkitpro/libnx/lib/libnx.a(binder.o)
                0x0000000000009170                binderTransactParcel
 *fill*         0x00000000000094cc        0x4 
 .text.binderConvertErrorCode
                0x00000000000094d0       0xe8 /opt/devkitpro/libnx/lib/libnx.a(binder.o)
                0x00000000000094d0                binderConvertErrorCode
 *fill*         0x00000000000095b8        0x8 
 .text.binderAdjustRefcount
                0x00000000000095c0      0x124 /opt/devkitpro/libnx/lib/libnx.a(binder.o)
                0x00000000000095c0                binderAdjustRefcount
 *fill*         0x00000000000096e4        0xc 
 .text.binderInitSession
                0x00000000000096f0       0x9c /opt/devkitpro/libnx/lib/libnx.a(binder.o)
                0x00000000000096f0                binderInitSession
 *fill*         0x000000000000978c        0x4 
 .text.binderClose
                0x0000000000009790       0x5c /opt/devkitpro/libnx/lib/libnx.a(binder.o)
                0x0000000000009790                binderClose
 *fill*         0x00000000000097ec        0x4 
 .text.binderGetNativeHandle
                0x00000000000097f0      0x154 /opt/devkitpro/libnx/lib/libnx.a(binder.o)
                0x00000000000097f0                binderGetNativeHandle
 *fill*         0x0000000000009944        0xc 
 .text.bqRequestBuffer
                0x0000000000009950       0xc8 /opt/devkitpro/libnx/lib/libnx.a(buffer_producer.o)
                0x0000000000009950                bqRequestBuffer
 *fill*         0x0000000000009a18        0x8 
 .text.bqDequeueBuffer
                0x0000000000009a20      0x128 /opt/devkitpro/libnx/lib/libnx.a(buffer_producer.o)
                0x0000000000009a20                bqDequeueBuffer
 *fill*         0x0000000000009b48        0x8 
 .text.bqQueueBuffer
                0x0000000000009b50       0xc8 /opt/devkitpro/libnx/lib/libnx.a(buffer_producer.o)
                0x0000000000009b50                bqQueueBuffer
 *fill*         0x0000000000009c18        0x8 
 .text.bqCancelBuffer
                0x0000000000009c20       0x84 /opt/devkitpro/libnx/lib/libnx.a(buffer_producer.o)
                0x0000000000009c20                bqCancelBuffer
 *fill*         0x0000000000009ca4        0xc 
 .text.bqConnect
                0x0000000000009cb0       0xd0 /opt/devkitpro/libnx/lib/libnx.a(buffer_producer.o)
                0x0000000000009cb0                bqConnect
 .text.bqDisconnect
                0x0000000000009d80       0x88 /opt/devkitpro/libnx/lib/libnx.a(buffer_producer.o)
                0x0000000000009d80                bqDisconnect
 *fill*         0x0000000000009e08        0x8 
 .text.bqSetPreallocatedBuffer
                0x0000000000009e10      0x194 /opt/devkitpro/libnx/lib/libnx.a(buffer_producer.o)
                0x0000000000009e10                bqSetPreallocatedBuffer
 *fill*         0x0000000000009fa4        0xc 
 .text.framebufferMakeLinear
                0x0000000000009fb0       0x8c /opt/devkitpro/libnx/lib/libnx.a(framebuffer.o)
                0x0000000000009fb0                framebufferMakeLinear
 *fill*         0x000000000000a03c        0x4 
 .text.framebufferClose
                0x000000000000a040       0x84 /opt/devkitpro/libnx/lib/libnx.a(framebuffer.o)
                0x000000000000a040                framebufferClose
 *fill*         0x000000000000a0c4        0xc 
 .text.framebufferCreate
                0x000000000000a0d0      0x290 /opt/devkitpro/libnx/lib/libnx.a(framebuffer.o)
                0x000000000000a0d0                framebufferCreate
 .text.framebufferBegin
                0x000000000000a360       0x7c /opt/devkitpro/libnx/lib/libnx.a(framebuffer.o)
                0x000000000000a360                framebufferBegin
 *fill*         0x000000000000a3dc        0x4 
 .text.framebufferEnd
                0x000000000000a3e0      0x198 /opt/devkitpro/libnx/lib/libnx.a(framebuffer.o)
                0x000000000000a3e0                framebufferEnd
 *fill*         0x000000000000a578        0x8 
 .text.parcelCreate
                0x000000000000a580       0x30 /opt/devkitpro/libnx/lib/libnx.a(parcel.o)
                0x000000000000a580                parcelCreate
 .text.parcelTransact
                0x000000000000a5b0      0x174 /opt/devkitpro/libnx/lib/libnx.a(parcel.o)
                0x000000000000a5b0                parcelTransact
 *fill*         0x000000000000a724        0xc 
 .text.parcelWriteData
                0x000000000000a730       0x80 /opt/devkitpro/libnx/lib/libnx.a(parcel.o)
                0x000000000000a730                parcelWriteData
 .text.parcelReadData
                0x000000000000a7b0       0x88 /opt/devkitpro/libnx/lib/libnx.a(parcel.o)
                0x000000000000a7b0                parcelReadData
 *fill*         0x000000000000a838        0x8 
 .text.parcelWriteInt32
                0x000000000000a840       0x20 /opt/devkitpro/libnx/lib/libnx.a(parcel.o)
                0x000000000000a840                parcelWriteInt32
 .text.parcelWriteUInt32
                0x000000000000a860       0x20 /opt/devkitpro/libnx/lib/libnx.a(parcel.o)
                0x000000000000a860                parcelWriteUInt32
 .text.parcelWriteString16
                0x000000000000a880       0x7c /opt/devkitpro/libnx/lib/libnx.a(parcel.o)
                0x000000000000a880                parcelWriteString16
 *fill*         0x000000000000a8fc        0x4 
 .text.parcelWriteInterfaceToken
                0x000000000000a900       0x30 /opt/devkitpro/libnx/lib/libnx.a(parcel.o)
                0x000000000000a900                parcelWriteInterfaceToken
 .text.parcelReadInt32
                0x000000000000a930       0x24 /opt/devkitpro/libnx/lib/libnx.a(parcel.o)
                0x000000000000a930                parcelReadInt32
 *fill*         0x000000000000a954        0xc 
 .text.parcelReadFlattenedObject
                0x000000000000a960       0x68 /opt/devkitpro/libnx/lib/libnx.a(parcel.o)
                0x000000000000a960                parcelReadFlattenedObject
 *fill*         0x000000000000a9c8        0x8 
 .text.parcelWriteFlattenedObject
                0x000000000000a9d0       0x44 /opt/devkitpro/libnx/lib/libnx.a(parcel.o)
                0x000000000000a9d0                parcelWriteFlattenedObject
 *fill*         0x000000000000aa14        0xc 
 .text.__libnx_alloc
                0x000000000000aa20        0x4 /opt/devkitpro/libnx/lib/libnx.a(alloc.o)
                0x000000000000aa20                __libnx_alloc
 *fill*         0x000000000000aa24        0xc 
 .text.__libnx_aligned_alloc
                0x000000000000aa30       0x14 /opt/devkitpro/libnx/lib/libnx.a(alloc.o)
                0x000000000000aa30                __libnx_aligned_alloc
 *fill*         0x000000000000aa44        0xc 
 .text.__libnx_free
                0x000000000000aa50        0x4 /opt/devkitpro/libnx/lib/libnx.a(alloc.o)
                0x000000000000aa50                __libnx_free
 *fill*         0x000000000000aa54        0xc 
 .text.argvSetup
                0x000000000000aa60      0x314 /opt/devkitpro/libnx/lib/libnx.a(argv.o)
                0x000000000000aa60                argvSetup
 *fill*         0x000000000000ad74        0xc 
 .text.__nx_dynamic
                0x000000000000ad80      0x1fc /opt/devkitpro/libnx/lib/libnx.a(dynamic.o)
                0x000000000000ad80                __nx_dynamic
 *fill*         0x000000000000af7c        0x4 
 .text.__libnx_initheap
                0x000000000000af80       0xd0 /opt/devkitpro/libnx/lib/libnx.a(init.o)
                0x000000000000af80                __libnx_initheap
 .text.__appInit
                0x000000000000b050       0xec /opt/devkitpro/libnx/lib/libnx.a(init.o)
                0x000000000000b050                __appInit
 *fill*         0x000000000000b13c        0x4 
 .text.__appExit
                0x000000000000b140       0x44 /opt/devkitpro/libnx/lib/libnx.a(init.o)
                0x000000000000b140                __appExit
 *fill*         0x000000000000b184        0xc 
 .text.__libnx_init
                0x000000000000b190       0x2c /opt/devkitpro/libnx/lib/libnx.a(init.o)
                0x000000000000b190                __libnx_init
 *fill*         0x000000000000b1bc        0x4 
 .text.__libnx_exit
                0x000000000000b1c0       0x1c /opt/devkitpro/libnx/lib/libnx.a(init.o)
                0x000000000000b1c0                __libnx_exit
 *fill*         0x000000000000b1dc        0x4 
 .text.__syscall_exit
                0x000000000000b1e0       0x1c /opt/devkitpro/libnx/lib/libnx.a(newlib.o)
                0x000000000000b1e0                __syscall_exit
 *fill*         0x000000000000b1fc        0x4 
 .text.__syscall_getreent
                0x000000000000b200       0x34 /opt/devkitpro/libnx/lib/libnx.a(newlib.o)
                0x000000000000b200                __syscall_getreent
 *fill*         0x000000000000b234        0xc 
 .text.__syscall_lock_acquire
                0x000000000000b240        0x4 /opt/devkitpro/libnx/lib/libnx.a(newlib.o)
                0x000000000000b240                __syscall_lock_acquire
 *fill*         0x000000000000b244        0xc 
 .text.__syscall_lock_release
                0x000000000000b250        0x4 /opt/devkitpro/libnx/lib/libnx.a(newlib.o)
                0x000000000000b250                __syscall_lock_release
 *fill*         0x000000000000b254        0xc 
 .text.__syscall_lock_acquire_recursive
                0x000000000000b260        0x4 /opt/devkitpro/libnx/lib/libnx.a(newlib.o)
                0x000000000000b260                __syscall_lock_acquire_recursive
 *fill*         0x000000000000b264        0xc 
 .text.__syscall_lock_release_recursive
                0x000000000000b270        0x4 /opt/devkitpro/libnx/lib/libnx.a(newlib.o)
                0x000000000000b270                __syscall_lock_release_recursive
 *fill*         0x000000000000b274        0xc 
 .text.__libnx_init_time
                0x000000000000b280      0x25c /opt/devkitpro/libnx/lib/libnx.a(newlib.o)
                0x000000000000b280                __libnx_init_time
 *fill*         0x000000000000b4dc        0x4 
 .text.newlibSetup
                0x000000000000b4e0       0x98 /opt/devkitpro/libnx/lib/libnx.a(newlib.o)
                0x000000000000b4e0                newlibSetup
 *fill*         0x000000000000b578        0x8 
 .text.nxlinkSetup
                0x000000000000b580       0xe8 /opt/devkitpro/libnx/lib/libnx.a(nxlink.o)
                0x000000000000b580                nxlinkSetup
 *fill*         0x000000000000b668        0x8 
 .text.fsdev_link
                0x000000000000b670       0x10 /opt/devkitpro/libnx/lib/libnx.a(fs_dev.o)
 .text.fsdev_dirreset
                0x000000000000b680       0x10 /opt/devkitpro/libnx/lib/libnx.a(fs_dev.o)
 .text.fsdev_chmod
                0x000000000000b690       0x10 /opt/devkitpro/libnx/lib/libnx.a(fs_dev.o)
 .text.error_cmp
                0x000000000000b6a0       0x18 /opt/devkitpro/libnx/lib/libnx.a(fs_dev.o)
 *fill*         0x000000000000b6b8        0x8 
 .text.fsdev_dirclose
                0x000000000000b6c0       0x20 /opt/devkitpro/libnx/lib/libnx.a(fs_dev.o)
 .text.fsdev_close
                0x000000000000b6e0       0x1c /opt/devkitpro/libnx/lib/libnx.a(fs_dev.o)
 *fill*         0x000000000000b6fc        0x4 
 .text.fsdev_converttimetoutc
                0x000000000000b700       0x74 /opt/devkitpro/libnx/lib/libnx.a(fs_dev.o)
 *fill*         0x000000000000b774        0xc 
 .text.fsdevFindDevice.part.0
                0x000000000000b780       0xf8 /opt/devkitpro/libnx/lib/libnx.a(fs_dev.o)
 *fill*         0x000000000000b878        0x8 
 .text.fsdev_fixpath
                0x000000000000b880      0x1cc /opt/devkitpro/libnx/lib/libnx.a(fs_dev.o)
 *fill*         0x000000000000ba4c        0x4 
 .text._fsdevUnmountDeviceStruct.part.0
                0x000000000000ba50       0x9c /opt/devkitpro/libnx/lib/libnx.a(fs_dev.o)
 *fill*         0x000000000000baec        0x4 
 .text.fsdev_fchmod
                0x000000000000baf0       0x10 /opt/devkitpro/libnx/lib/libnx.a(fs_dev.o)
 .text.fsdev_diropen
                0x000000000000bb00      0x100 /opt/devkitpro/libnx/lib/libnx.a(fs_dev.o)
 .text.fsdev_statvfs
                0x000000000000bc00       0xf8 /opt/devkitpro/libnx/lib/libnx.a(fs_dev.o)
 *fill*         0x000000000000bcf8        0x8 
 .text.fsdev_fsync
                0x000000000000bd00       0x7c /opt/devkitpro/libnx/lib/libnx.a(fs_dev.o)
 *fill*         0x000000000000bd7c        0x4 
 .text.fsdev_fstat
                0x000000000000bd80       0xec /opt/devkitpro/libnx/lib/libnx.a(fs_dev.o)
 *fill*         0x000000000000be6c        0x4 
 .text.fsdev_ftruncate
                0x000000000000be70       0x94 /opt/devkitpro/libnx/lib/libnx.a(fs_dev.o)
 *fill*         0x000000000000bf04        0xc 
 .text.fsdev_stat
                0x000000000000bf10      0x1d8 /opt/devkitpro/libnx/lib/libnx.a(fs_dev.o)
 *fill*         0x000000000000c0e8        0x8 
 .text.fsdev_rename
                0x000000000000c0f0      0x14c /opt/devkitpro/libnx/lib/libnx.a(fs_dev.o)
 *fill*         0x000000000000c23c        0x4 
 .text.fsdev_chdir
                0x000000000000c240      0x13c /opt/devkitpro/libnx/lib/libnx.a(fs_dev.o)
 *fill*         0x000000000000c37c        0x4 
 .text.fsdev_rmdir
                0x000000000000c380       0xa4 /opt/devkitpro/libnx/lib/libnx.a(fs_dev.o)
 *fill*         0x000000000000c424        0xc 
 .text.fsdev_mkdir
                0x000000000000c430       0xa4 /opt/devkitpro/libnx/lib/libnx.a(fs_dev.o)
 *fill*         0x000000000000c4d4        0xc 
 .text.fsdev_unlink
                0x000000000000c4e0       0xa4 /opt/devkitpro/libnx/lib/libnx.a(fs_dev.o)
 *fill*         0x000000000000c584        0xc 
 .text.fsdev_write_safe
                0x000000000000c590      0x13c /opt/devkitpro/libnx/lib/libnx.a(fs_dev.o)
 *fill*         0x000000000000c6cc        0x4 
 .text.fsdev_read_safe
                0x000000000000c6d0      0x134 /opt/devkitpro/libnx/lib/libnx.a(fs_dev.o)
 *fill*         0x000000000000c804        0xc 
 .text.fsdev_read
                0x000000000000c810      0x100 /opt/devkitpro/libnx/lib/libnx.a(fs_dev.o)
 .text.fsdev_dirnext
                0x000000000000c910      0x1d4 /opt/devkitpro/libnx/lib/libnx.a(fs_dev.o)
 *fill*         0x000000000000cae4        0xc 
 .text.fsdev_write
                0x000000000000caf0      0x124 /opt/devkitpro/libnx/lib/libnx.a(fs_dev.o)
 *fill*         0x000000000000cc14        0xc 
 .text.fsdev_seek
                0x000000000000cc20      0x110 /opt/devkitpro/libnx/lib/libnx.a(fs_dev.o)
 .text.fsdev_open
                0x000000000000cd30      0x230 /opt/devkitpro/libnx/lib/libnx.a(fs_dev.o)
 .text.fsdevMountDevice
                0x000000000000cf60      0x324 /opt/devkitpro/libnx/lib/libnx.a(fs_dev.o)
                0x000000000000cf60                fsdevMountDevice
 *fill*         0x000000000000d284        0xc 
 .text.fsdevMountSdmc
                0x000000000000d290       0x40 /opt/devkitpro/libnx/lib/libnx.a(fs_dev.o)
                0x000000000000d290                fsdevMountSdmc
 .text.__libnx_init_cwd
                0x000000000000d2d0       0xbc /opt/devkitpro/libnx/lib/libnx.a(fs_dev.o)
                0x000000000000d2d0                __libnx_init_cwd
 *fill*         0x000000000000d38c        0x4 
 .text.fsdevUnmountAll
                0x000000000000d390       0x64 /opt/devkitpro/libnx/lib/libnx.a(fs_dev.o)
                0x000000000000d390                fsdevUnmountAll
 *fill*         0x000000000000d3f4        0xc 
 .text.decode_utf8
                0x000000000000d400      0x128 /opt/devkitpro/libnx/lib/libnx.a(decode_utf8.o)
                0x000000000000d400                decode_utf8
 .text.armDCacheFlush
                0x000000000000d528       0x4c /opt/devkitpro/libnx/lib/libnx.a(cache.o)
                0x000000000000d528                armDCacheFlush
 .text.__libnx_exception_entry
                0x000000000000d574      0x1c0 /opt/devkitpro/libnx/lib/libnx.a(exception.o)
                0x000000000000d574                __libnx_exception_entry
 .text.__libnx_exception_returnentry
                0x000000000000d734       0x18 /opt/devkitpro/libnx/lib/libnx.a(exception.o)
                0x000000000000d734                __libnx_exception_returnentry
 .text.__aarch64_read_tp
                0x000000000000d74c        0xc /opt/devkitpro/libnx/lib/libnx.a(readtp.o)
                0x000000000000d74c                __aarch64_read_tp
 *fill*         0x000000000000d758        0x8 
 .text.condvarWaitTimeout
                0x000000000000d760       0x70 /opt/devkitpro/libnx/lib/libnx.a(condvar.o)
                0x000000000000d760                condvarWaitTimeout
 .text.randomGet
                0x000000000000d7d0      0x410 /opt/devkitpro/libnx/lib/libnx.a(random.o)
                0x000000000000d7d0                randomGet
 .text.randomGet64
                0x000000000000dbe0       0x20 /opt/devkitpro/libnx/lib/libnx.a(random.o)
                0x000000000000dbe0                randomGet64
 .text.shmemLoadRemote
                0x000000000000dc00       0x14 /opt/devkitpro/libnx/lib/libnx.a(shmem.o)
                0x000000000000dc00                shmemLoadRemote
 *fill*         0x000000000000dc14        0xc 
 .text.shmemMap
                0x000000000000dc20       0x70 /opt/devkitpro/libnx/lib/libnx.a(shmem.o)
                0x000000000000dc20                shmemMap
 .text.shmemUnmap
                0x000000000000dc90       0x34 /opt/devkitpro/libnx/lib/libnx.a(shmem.o)
                0x000000000000dc90                shmemUnmap
 *fill*         0x000000000000dcc4        0xc 
 .text.shmemClose
                0x000000000000dcd0       0x4c /opt/devkitpro/libnx/lib/libnx.a(shmem.o)
                0x000000000000dcd0                shmemClose
 *fill*         0x000000000000dd1c        0x4 
 .text.__libnx_init_thread
                0x000000000000dd20       0xb0 /opt/devkitpro/libnx/lib/libnx.a(thread.o)
                0x000000000000dd20                __libnx_init_thread
 .text._fsCleanup
                0x000000000000ddd0       0xb4 /opt/devkitpro/libnx/lib/libnx.a(fs.o)
 *fill*         0x000000000000de84        0xc 
 .text._fsCmdNoIO
                0x000000000000de90      0x1c0 /opt/devkitpro/libnx/lib/libnx.a(fs.o)
 .text._fsFsCmdWithInPath
                0x000000000000e050      0x1e0 /opt/devkitpro/libnx/lib/libnx.a(fs.o)
 .text._fsFsCmdWithTwoInPaths
                0x000000000000e230      0x1f8 /opt/devkitpro/libnx/lib/libnx.a(fs.o)
 *fill*         0x000000000000e428        0x8 
 .text._fsFsOpenCommon
                0x000000000000e430      0x28c /opt/devkitpro/libnx/lib/libnx.a(fs.o)
 *fill*         0x000000000000e6bc        0x4 
 .text._fsFsCmdWithInPathAndOutU64
                0x000000000000e6c0      0x1fc /opt/devkitpro/libnx/lib/libnx.a(fs.o)
 *fill*         0x000000000000e8bc        0x4 
 .text._fsObjectClose
                0x000000000000e8c0       0xf8 /opt/devkitpro/libnx/lib/libnx.a(fs.o)
 *fill*         0x000000000000e9b8        0x8 
 .text._fsCmdGetSession.constprop.0
                0x000000000000e9c0      0x17c /opt/devkitpro/libnx/lib/libnx.a(fs.o)
 *fill*         0x000000000000eb3c        0x4 
 .text.fsInitialize
                0x000000000000eb40      0x2f8 /opt/devkitpro/libnx/lib/libnx.a(fs.o)
                0x000000000000eb40                fsInitialize
 *fill*         0x000000000000ee38        0x8 
 .text.fsExit   0x000000000000ee40       0x48 /opt/devkitpro/libnx/lib/libnx.a(fs.o)
                0x000000000000ee40                fsExit
 *fill*         0x000000000000ee88        0x8 
 .text.fsOpenSdCardFileSystem
                0x000000000000ee90        0x8 /opt/devkitpro/libnx/lib/libnx.a(fs.o)
                0x000000000000ee90                fsOpenSdCardFileSystem
 *fill*         0x000000000000ee98        0x8 
 .text.fsFsCreateFile
                0x000000000000eea0      0x1ec /opt/devkitpro/libnx/lib/libnx.a(fs.o)
                0x000000000000eea0                fsFsCreateFile
 *fill*         0x000000000000f08c        0x4 
 .text.fsFsDeleteFile
                0x000000000000f090        0x8 /opt/devkitpro/libnx/lib/libnx.a(fs.o)
                0x000000000000f090                fsFsDeleteFile
 *fill*         0x000000000000f098        0x8 
 .text.fsFsCreateDirectory
                0x000000000000f0a0        0x8 /opt/devkitpro/libnx/lib/libnx.a(fs.o)
                0x000000000000f0a0                fsFsCreateDirectory
 *fill*         0x000000000000f0a8        0x8 
 .text.fsFsDeleteDirectory
                0x000000000000f0b0        0x8 /opt/devkitpro/libnx/lib/libnx.a(fs.o)
                0x000000000000f0b0                fsFsDeleteDirectory
 *fill*         0x000000000000f0b8        0x8 
 .text.fsFsRenameFile
                0x000000000000f0c0        0x8 /opt/devkitpro/libnx/lib/libnx.a(fs.o)
                0x000000000000f0c0                fsFsRenameFile
 *fill*         0x000000000000f0c8        0x8 
 .text.fsFsRenameDirectory
                0x000000000000f0d0        0x8 /opt/devkitpro/libnx/lib/libnx.a(fs.o)
                0x000000000000f0d0                fsFsRenameDirectory
 *fill*         0x000000000000f0d8        0x8 
 .text.fsFsGetEntryType
                0x000000000000f0e0      0x1f0 /opt/devkitpro/libnx/lib/libnx.a(fs.o)
                0x000000000000f0e0                fsFsGetEntryType
 .text.fsFsOpenFile
                0x000000000000f2d0        0x8 /opt/devkitpro/libnx/lib/libnx.a(fs.o)
                0x000000000000f2d0                fsFsOpenFile
 *fill*         0x000000000000f2d8        0x8 
 .text.fsFsOpenDirectory
                0x000000000000f2e0        0x8 /opt/devkitpro/libnx/lib/libnx.a(fs.o)
                0x000000000000f2e0                fsFsOpenDirectory
 *fill*         0x000000000000f2e8        0x8 
 .text.fsFsGetFreeSpace
                0x000000000000f2f0        0x8 /opt/devkitpro/libnx/lib/libnx.a(fs.o)
                0x000000000000f2f0                fsFsGetFreeSpace
 *fill*         0x000000000000f2f8        0x8 
 .text.fsFsGetTotalSpace
                0x000000000000f300        0x8 /opt/devkitpro/libnx/lib/libnx.a(fs.o)
                0x000000000000f300                fsFsGetTotalSpace
 *fill*         0x000000000000f308        0x8 
 .text.fsFsGetFileTimeStampRaw
                0x000000000000f310      0x230 /opt/devkitpro/libnx/lib/libnx.a(fs.o)
                0x000000000000f310                fsFsGetFileTimeStampRaw
 .text.fsFsClose
                0x000000000000f540        0x4 /opt/devkitpro/libnx/lib/libnx.a(fs.o)
                0x000000000000f540                fsFsClose
 *fill*         0x000000000000f544        0xc 
 .text.fsFileRead
                0x000000000000f550      0x214 /opt/devkitpro/libnx/lib/libnx.a(fs.o)
                0x000000000000f550                fsFileRead
 *fill*         0x000000000000f764        0xc 
 .text.fsFileWrite
                0x000000000000f770      0x1f8 /opt/devkitpro/libnx/lib/libnx.a(fs.o)
                0x000000000000f770                fsFileWrite
 *fill*         0x000000000000f968        0x8 
 .text.fsFileFlush
                0x000000000000f970        0x8 /opt/devkitpro/libnx/lib/libnx.a(fs.o)
                0x000000000000f970                fsFileFlush
 *fill*         0x000000000000f978        0x8 
 .text.fsFileSetSize
                0x000000000000f980      0x1c0 /opt/devkitpro/libnx/lib/libnx.a(fs.o)
                0x000000000000f980                fsFileSetSize
 .text.fsFileGetSize
                0x000000000000fb40      0x1d4 /opt/devkitpro/libnx/lib/libnx.a(fs.o)
                0x000000000000fb40                fsFileGetSize
 *fill*         0x000000000000fd14        0xc 
 .text.fsFileClose
                0x000000000000fd20        0x4 /opt/devkitpro/libnx/lib/libnx.a(fs.o)
                0x000000000000fd20                fsFileClose
 *fill*         0x000000000000fd24        0xc 
 .text.fsDirClose
                0x000000000000fd30        0x4 /opt/devkitpro/libnx/lib/libnx.a(fs.o)
                0x000000000000fd30                fsDirClose
 *fill*         0x000000000000fd34        0xc 
 .text.fsDirRead
                0x000000000000fd40      0x204 /opt/devkitpro/libnx/lib/libnx.a(fs.o)
                0x000000000000fd40                fsDirRead
 *fill*         0x000000000000ff44        0xc 
 .text._nvCleanup
                0x000000000000ff50       0xd0 /opt/devkitpro/libnx/lib/libnx.a(nv.o)
 .text._nvCmdInitialize.constprop.0
                0x0000000000010020       0xd4 /opt/devkitpro/libnx/lib/libnx.a(nv.o)
 *fill*         0x00000000000100f4        0xc 
 .text.__nx_nv_create_tmem
                0x0000000000010100       0x18 /opt/devkitpro/libnx/lib/libnx.a(nv.o)
                0x0000000000010100                __nx_nv_create_tmem
 *fill*         0x0000000000010118        0x8 
 .text.nvInitialize
                0x0000000000010120      0x3a8 /opt/devkitpro/libnx/lib/libnx.a(nv.o)
                0x0000000000010120                nvInitialize
 *fill*         0x00000000000104c8        0x8 
 .text.nvExit   0x00000000000104d0       0x48 /opt/devkitpro/libnx/lib/libnx.a(nv.o)
                0x00000000000104d0                nvExit
 *fill*         0x0000000000010518        0x8 
 .text.nvConvertError
                0x0000000000010520       0xf4 /opt/devkitpro/libnx/lib/libnx.a(nv.o)
                0x0000000000010520                nvConvertError
 *fill*         0x0000000000010614        0xc 
 .text.nvOpen   0x0000000000010620      0x114 /opt/devkitpro/libnx/lib/libnx.a(nv.o)
                0x0000000000010620                nvOpen
 *fill*         0x0000000000010734        0xc 
 .text.nvIoctl  0x0000000000010740      0x310 /opt/devkitpro/libnx/lib/libnx.a(nv.o)
                0x0000000000010740                nvIoctl
 .text.nvClose  0x0000000000010a50       0xd4 /opt/devkitpro/libnx/lib/libnx.a(nv.o)
                0x0000000000010a50                nvClose
 *fill*         0x0000000000010b24        0xc 
 .text.nvQueryEvent
                0x0000000000010b30      0x10c /opt/devkitpro/libnx/lib/libnx.a(nv.o)
                0x0000000000010b30                nvQueryEvent
 *fill*         0x0000000000010c3c        0x4 
 .text._setsysGetFirmwareVersionImpl
                0x0000000000010c40       0xd0 /opt/devkitpro/libnx/lib/libnx.a(set.o)
 .text._setsysCleanup
                0x0000000000010d10       0x78 /opt/devkitpro/libnx/lib/libnx.a(set.o)
 *fill*         0x0000000000010d88        0x8 
 .text.setsysInitialize
                0x0000000000010d90       0xa0 /opt/devkitpro/libnx/lib/libnx.a(set.o)
                0x0000000000010d90                setsysInitialize
 .text.setsysExit
                0x0000000000010e30       0x48 /opt/devkitpro/libnx/lib/libnx.a(set.o)
                0x0000000000010e30                setsysExit
 *fill*         0x0000000000010e78        0x8 
 .text.setsysGetFirmwareVersion
                0x0000000000010e80       0x48 /opt/devkitpro/libnx/lib/libnx.a(set.o)
                0x0000000000010e80                setsysGetFirmwareVersion
 *fill*         0x0000000000010ec8        0x8 
 .text._timeCleanup
                0x0000000000010ed0      0x27c /opt/devkitpro/libnx/lib/libnx.a(time.o)
 *fill*         0x000000000001114c        0x4 
 .text._timeCmdGetSession.constprop.0
                0x0000000000011150      0x100 /opt/devkitpro/libnx/lib/libnx.a(time.o)
 .text._timeReadClockFromSharedMem
                0x0000000000011250      0x104 /opt/devkitpro/libnx/lib/libnx.a(time.o)
 *fill*         0x0000000000011354        0xc 
 .text.timeInitialize
                0x0000000000011360      0x300 /opt/devkitpro/libnx/lib/libnx.a(time.o)
                0x0000000000011360                timeInitialize
 .text.timeExit
                0x0000000000011660       0x48 /opt/devkitpro/libnx/lib/libnx.a(time.o)
                0x0000000000011660                timeExit
 *fill*         0x00000000000116a8        0x8 
 .text.timeGetServiceSession_SystemClock
                0x00000000000116b0       0x38 /opt/devkitpro/libnx/lib/libnx.a(time.o)
                0x00000000000116b0                timeGetServiceSession_SystemClock
 *fill*         0x00000000000116e8        0x8 
 .text.timeGetCurrentTime
                0x00000000000116f0       0xfc /opt/devkitpro/libnx/lib/libnx.a(time.o)
                0x00000000000116f0                timeGetCurrentTime
 *fill*         0x00000000000117ec        0x4 
 .text.timeToCalendarTimeWithMyRule
                0x00000000000117f0      0x108 /opt/devkitpro/libnx/lib/libnx.a(time.o)
                0x00000000000117f0                timeToCalendarTimeWithMyRule
 *fill*         0x00000000000118f8        0x8 
 .text.timeToPosixTimeWithMyRule
                0x0000000000011900      0x114 /opt/devkitpro/libnx/lib/libnx.a(time.o)
                0x0000000000011900                timeToPosixTimeWithMyRule
 *fill*         0x0000000000011a14        0xc 
 .text.nvMapInit
                0x0000000000011a20       0xac /opt/devkitpro/libnx/lib/libnx.a(map.o)
                0x0000000000011a20                nvMapInit
 *fill*         0x0000000000011acc        0x4 
 .text.nvMapExit
                0x0000000000011ad0       0x74 /opt/devkitpro/libnx/lib/libnx.a(map.o)
                0x0000000000011ad0                nvMapExit
 *fill*         0x0000000000011b44        0xc 
 .text.nvMapClose
                0x0000000000011b50       0x8c /opt/devkitpro/libnx/lib/libnx.a(map.o)
                0x0000000000011b50                nvMapClose
 *fill*         0x0000000000011bdc        0x4 
 .text.nvMapCreate
                0x0000000000011be0      0x160 /opt/devkitpro/libnx/lib/libnx.a(map.o)
                0x0000000000011be0                nvMapCreate
 .text.nvioctlNvmap_Create
                0x0000000000011d40       0x3c /opt/devkitpro/libnx/lib/libnx.a(nvmap.o)
                0x0000000000011d40                nvioctlNvmap_Create
 *fill*         0x0000000000011d7c        0x4 
 .text.nvioctlNvmap_Alloc
                0x0000000000011d80       0x30 /opt/devkitpro/libnx/lib/libnx.a(nvmap.o)
                0x0000000000011d80                nvioctlNvmap_Alloc
 .text.nvioctlNvmap_Free
                0x0000000000011db0       0x30 /opt/devkitpro/libnx/lib/libnx.a(nvmap.o)
                0x0000000000011db0                nvioctlNvmap_Free
 .text.nvioctlNvmap_GetId
                0x0000000000011de0       0x3c /opt/devkitpro/libnx/lib/libnx.a(nvmap.o)
                0x0000000000011de0                nvioctlNvmap_GetId
 *fill*         0x0000000000011e1c        0x4 
 .text.sessionmgrCreate
                0x0000000000011e20      0x184 /opt/devkitpro/libnx/lib/libnx.a(sessionmgr.o)
                0x0000000000011e20                sessionmgrCreate
 *fill*         0x0000000000011fa4        0xc 
 .text.sessionmgrClose
                0x0000000000011fb0       0x84 /opt/devkitpro/libnx/lib/libnx.a(sessionmgr.o)
                0x0000000000011fb0                sessionmgrClose
 *fill*         0x0000000000012034        0xc 
 .text.sessionmgrAttachClient
                0x0000000000012040       0xa8 /opt/devkitpro/libnx/lib/libnx.a(sessionmgr.o)
                0x0000000000012040                sessionmgrAttachClient
 *fill*         0x00000000000120e8        0x8 
 .text.sessionmgrDetachClient
                0x00000000000120f0       0x60 /opt/devkitpro/libnx/lib/libnx.a(sessionmgr.o)
                0x00000000000120f0                sessionmgrDetachClient
 *fill*         0x0000000000012150       0x10 
 .text.strncat  0x0000000000012160       0xc4 /opt/devkitpro/devkitA64/lib/gcc/aarch64-none-elf/15.2.0/../../../../aarch64-none-elf/lib/pic/libg.a(libc_a-strncat.o)
                0x0000000000012160                strncat
 *fill*         0x0000000000012224       0x1c 
 .text          0x0000000000012240       0xb8 /opt/devkitpro/devkitA64/lib/gcc/aarch64-none-elf/15.2.0/../../../../aarch64-none-elf/lib/pic/libg.a(libc_a-strnlen.o)
                0x0000000000012240                strnlen
 *fill*         0x00000000000122f8        0x8 
 .text.bsearch  0x0000000000012300       0xb4 /opt/devkitpro/devkitA64/lib/gcc/aarch64-none-elf/15.2.0/../../../../aarch64-none-elf/lib/pic/libg.a(libc_a-bsearch.o)
                0x0000000000012300                bsearch
 *fill*         0x00000000000123b4        0xc 
 .text          0x00000000000123c0      0x22c /opt/devkitpro/devkitA64/lib/gcc/aarch64-none-elf/15.2.0/../../../../aarch64-none-elf/lib/pic/libg.a(libc_a-memcpy.o)
                0x00000000000123c0                memmove
                0x00000000000123c0                memcpy
 *fill*         0x00000000000125ec       0x14 
 .text.gmtime   0x0000000000012600       0x28 /opt/devkitpro/devkitA64/lib/gcc/aarch64-none-elf/15.2.0/../../../../aarch64-none-elf/lib/pic/libg.a(libc_a-gmtime.o)
                0x0000000000012600                gmtime
 *fill*         0x0000000000012628       0x18 
 .text          0x0000000000012640      0x104 /opt/devkitpro/devkitA64/lib/gcc/aarch64-none-elf/15.2.0/../../../../aarch64-none-elf/lib/pic/libg.a(libc_a-memset.o)
                0x0000000000012640                memset
 *fill*         0x0000000000012744       0x1c 
 .text.printf   0x0000000000012760       0x80 /opt/devkitpro/devkitA64/lib/gcc/aarch64-none-elf/15.2.0/../../../../aarch64-none-elf/lib/pic/libg.a(libc_a-printf.o)
                0x0000000000012760                printf
 .text._strtoul_l.isra.0
                0x00000000000127e0      0x1a4 /opt/devkitpro/devkitA64/lib/gcc/aarch64-none-elf/15.2.0/../../../../aarch64-none-elf/lib/pic/libg.a(libc_a-strtoul.o)
 *fill*         0x0000000000012984       0x1c 
 .text.strtoul  0x00000000000129a0       0x40 /opt/devkitpro/devkitA64/lib/gcc/aarch64-none-elf/15.2.0/../../../../aarch64-none-elf/lib/pic/libg.a(libc_a-strtoul.o)
                0x00000000000129a0                strtoul
 .text.aligned_alloc
                0x00000000000129e0       0x2c /opt/devkitpro/devkitA64/lib/gcc/aarch64-none-elf/15.2.0/../../../../aarch64-none-elf/lib/pic/libg.a(libc_a-aligned_alloc.o)
                0x00000000000129e0                aligned_alloc
 *fill*         0x0000000000012a0c       0x14 
 .text._memalign_r
                0x0000000000012a20      0x18c /opt/devkitpro/devkitA64/lib/gcc/aarch64-none-elf/15.2.0/../../../../aarch64-none-elf/lib/pic/libg.a(libc_a-malignr.o)
                0x0000000000012a20                _memalign_r
 *fill*         0x0000000000012bac       0x14 
 .text.__errno  0x0000000000012bc0       0x14 /opt/devkitpro/devkitA64/lib/gcc/aarch64-none-elf/15.2.0/../../../../aarch64-none-elf/lib/pic/libg.a(libc_a-errno.o)
                0x0000000000012bc0                __errno
 *fill*         0x0000000000012bd4       0x2c 
 .text          0x0000000000012c00      0x130 /opt/devkitpro/devkitA64/lib/gcc/aarch64-none-elf/15.2.0/../../../../aarch64-none-elf/lib/pic/libg.a(libc_a-strlen.o)
                0x0000000000012c00                strlen
 *fill*         0x0000000000012d30       0x10 
 .text          0x0000000000012d40      0x1b4 /opt/devkitpro/devkitA64/lib/gcc/aarch64-none-elf/15.2.0/../../../../aarch64-none-elf/lib/pic/libg.a(libc_a-strncmp.o)
                0x0000000000012d40                strncmp
 *fill*         0x0000000000012ef4        0xc 
 .text._malloc_r
                0x0000000000012f00      0x840 /opt/devkitpro/devkitA64/lib/gcc/aarch64-none-elf/15.2.0/../../../../aarch64-none-elf/lib/pic/libg.a(libc_a-mallocr.o)
                0x0000000000012f00                _malloc_r
 .text._malloc_trim_r
                0x0000000000013740      0x11c /opt/devkitpro/devkitA64/lib/gcc/aarch64-none-elf/15.2.0/../../../../aarch64-none-elf/lib/pic/libg.a(libc_a-freer.o)
                0x0000000000013740                _malloc_trim_r
 *fill*         0x000000000001385c        0x4 
 .text._free_r  0x0000000000013860      0x2d8 /opt/devkitpro/devkitA64/lib/gcc/aarch64-none-elf/15.2.0/../../../../aarch64-none-elf/lib/pic/libg.a(libc_a-freer.o)
                0x0000000000013860                _free_r
 *fill*         0x0000000000013b38        0x8 
 .text.setvbuf  0x0000000000013b40      0x278 /opt/devkitpro/devkitA64/lib/gcc/aarch64-none-elf/15.2.0/../../../../aarch64-none-elf/lib/pic/libg.a(libc_a-setvbuf.o)
                0x0000000000013b40                setvbuf
 *fill*         0x0000000000013db8        0x8 
 .text.stdio_exit_handler
                0x0000000000013dc0       0x1c /opt/devkitpro/devkitA64/lib/gcc/aarch64-none-elf/15.2.0/../../../../aarch64-none-elf/lib/pic/libg.a(libc_a-findfp.o)
 *fill*         0x0000000000013ddc        0x4 
 .text.cleanup_stdio
                0x0000000000013de0       0x6c /opt/devkitpro/devkitA64/lib/gcc/aarch64-none-elf/15.2.0/../../../../aarch64-none-elf/lib/pic/libg.a(libc_a-findfp.o)
 *fill*         0x0000000000013e4c       0x14 
 .text.global_stdio_init.part.0
                0x0000000000013e60      0x128 /opt/devkitpro/devkitA64/lib/gcc/aarch64-none-elf/15.2.0/../../../../aarch64-none-elf/lib/pic/libg.a(libc_a-findfp.o)
 *fill*         0x0000000000013f88       0x18 
 .text.__sfp_lock_acquire
                0x0000000000013fa0        0xc /opt/devkitpro/devkitA64/lib/gcc/aarch64-none-elf/15.2.0/../../../../aarch64-none-elf/lib/pic/libg.a(libc_a-findfp.o)
                0x0000000000013fa0                __sfp_lock_acquire
 *fill*         0x0000000000013fac       0x14 
 .text.__sfp_lock_release
                0x0000000000013fc0        0xc /opt/devkitpro/devkitA64/lib/gcc/aarch64-none-elf/15.2.0/../../../../aarch64-none-elf/lib/pic/libg.a(libc_a-findfp.o)
                0x0000000000013fc0                __sfp_lock_release
 *fill*         0x0000000000013fcc       0x14 
 .text.__sinit  0x0000000000013fe0       0x54 /opt/devkitpro/devkitA64/lib/gcc/aarch64-none-elf/15.2.0/../../../../aarch64-none-elf/lib/pic/libg.a(libc_a-findfp.o)
                0x0000000000013fe0                __sinit
 *fill*         0x0000000000014034        0xc 
 .text.__libc_init_array
                0x0000000000014040       0xa4 /opt/devkitpro/devkitA64/lib/gcc/aarch64-none-elf/15.2.0/../../../../aarch64-none-elf/lib/pic/libg.a(libc_a-init.o)
                0x0000000000014040                __libc_init_array
 *fill*         0x00000000000140e4       0x1c 
 .text.strncpy  0x0000000000014100       0xac /opt/devkitpro/devkitA64/lib/gcc/aarch64-none-elf/15.2.0/../../../../aarch64-none-elf/lib/pic/libg.a(libc_a-strncpy.o)
                0x0000000000014100                strncpy
 *fill*         0x00000000000141ac       0x14 
 .text.malloc   0x00000000000141c0       0x38 /opt/devkitpro/devkitA64/lib/gcc/aarch64-none-elf/15.2.0/../../../../aarch64-none-elf/lib/pic/libg.a(libc_a-malloc.o)
                0x00000000000141c0                malloc
 *fill*         0x00000000000141f8        0x8 
 .text.free     0x0000000000014200       0x1c /opt/devkitpro/devkitA64/lib/gcc/aarch64-none-elf/15.2.0/../../../../aarch64-none-elf/lib/pic/libg.a(libc_a-malloc.o)
                0x0000000000014200                free
 *fill*         0x000000000001421c        0x4 
 .text.__sread  0x0000000000014220       0x4c /opt/devkitpro/devkitA64/lib/gcc/aarch64-none-elf/15.2.0/../../../../aarch64-none-elf/lib/pic/libg.a(libc_a-stdio.o)
                0x0000000000014220                __sread
 *fill*         0x000000000001426c       0x14 
 .text.__swrite
                0x0000000000014280       0x70 /opt/devkitpro/devkitA64/lib/gcc/aarch64-none-elf/15.2.0/../../../../aarch64-none-elf/lib/pic/libg.a(libc_a-stdio.o)
                0x0000000000014280                __swrite
 *fill*         0x00000000000142f0       0x10 
 .text.__sseek  0x0000000000014300       0x50 /opt/devkitpro/devkitA64/lib/gcc/aarch64-none-elf/15.2.0/../../../../aarch64-none-elf/lib/pic/libg.a(libc_a-stdio.o)
                0x0000000000014300                __sseek
 *fill*         0x0000000000014350       0x10 
 .text.__sclose
                0x0000000000014360        0x8 /opt/devkitpro/devkitA64/lib/gcc/aarch64-none-elf/15.2.0/../../../../aarch64-none-elf/lib/pic/libg.a(libc_a-stdio.o)
                0x0000000000014360                __sclose
 *fill*         0x0000000000014368       0x18 
 .text.__malloc_lock
                0x0000000000014380        0xc /opt/devkitpro/devkitA64/lib/gcc/aarch64-none-elf/15.2.0/../../../../aarch64-none-elf/lib/pic/libg.a(libc_a-mlock.o)
                0x0000000000014380                __malloc_lock
 *fill*         0x000000000001438c       0x14 
 .text.__malloc_unlock
                0x00000000000143a0        0xc /opt/devkitpro/devkitA64/lib/gcc/aarch64-none-elf/15.2.0/../../../../aarch64-none-elf/lib/pic/libg.a(libc_a-mlock.o)
                0x00000000000143a0                __malloc_unlock
 *fill*         0x00000000000143ac       0x14 
 .text._fclose_r
                0x00000000000143c0      0x130 /opt/devkitpro/devkitA64/lib/gcc/aarch64-none-elf/15.2.0/../../../../aarch64-none-elf/lib/pic/libg.a(libc_a-fclose.o)
                0x00000000000143c0                _fclose_r
 *fill*         0x00000000000144f0       0x10 
 .text.putchar  0x0000000000014500       0x20 /opt/devkitpro/devkitA64/lib/gcc/aarch64-none-elf/15.2.0/../../../../aarch64-none-elf/lib/pic/libg.a(libc_a-putchar.o)
                0x0000000000014500                putchar
 .text.setenv   0x0000000000014520       0x34 /opt/devkitpro/devkitA64/lib/gcc/aarch64-none-elf/15.2.0/../../../../aarch64-none-elf/lib/pic/libg.a(libc_a-setenv.o)
                0x0000000000014520                setenv
 *fill*         0x0000000000014554        0xc 
 .text.__call_exitprocs
                0x0000000000014560        0x4 /opt/devkitpro/devkitA64/lib/gcc/aarch64-none-elf/15.2.0/../../../../aarch64-none-elf/lib/pic/libg.a(libc_a-exit.o)
                0x0000000000014560                __call_exitprocs
 *fill*         0x0000000000014564       0x1c 
 .text          0x0000000000014580      0x134 /opt/devkitpro/devkitA64/lib/gcc/aarch64-none-elf/15.2.0/../../../../aarch64-none-elf/lib/pic/libg.a(libc_a-strcmp.o)
                0x0000000000014580                strcmp
 *fill*         0x00000000000146b4        0xc 
 .text.__libc_fini_array
                0x00000000000146c0       0x44 /opt/devkitpro/devkitA64/lib/gcc/aarch64-none-elf/15.2.0/../../../../aarch64-none-elf/lib/pic/libg.a(libc_a-fini.o)
                0x00000000000146c0                __libc_fini_array
 *fill*         0x0000000000014704       0x1c 
 .text.gmtime_r
                0x0000000000014720      0x2a0 /opt/devkitpro/devkitA64/lib/gcc/aarch64-none-elf/15.2.0/../../../../aarch64-none-elf/lib/pic/libg.a(libc_a-gmtime_r.o)
                0x0000000000014720                gmtime_r
 .text._setenv_r
                0x00000000000149c0      0x258 /opt/devkitpro/devkitA64/lib/gcc/aarch64-none-elf/15.2.0/../../../../aarch64-none-elf/lib/pic/libg.a(libc_a-setenv_r.o)
                0x00000000000149c0                _setenv_r
 *fill*         0x0000000000014c18        0x8 
 .text._fwalk_sglue
                0x0000000000014c20       0x98 /opt/devkitpro/devkitA64/lib/gcc/aarch64-none-elf/15.2.0/../../../../aarch64-none-elf/lib/pic/libg.a(libc_a-fwalk.o)
                0x0000000000014c20                _fwalk_sglue
 .text.get_arg  0x0000000000014cb8      0x790 /opt/devkitpro/devkitA64/lib/gcc/aarch64-none-elf/15.2.0/../../../../aarch64-none-elf/lib/pic/libg.a(libc_a-vfprintf.o)
 .text._vfprintf_r
                0x0000000000015448     0x3bd4 /opt/devkitpro/devkitA64/lib/gcc/aarch64-none-elf/15.2.0/../../../../aarch64-none-elf/lib/pic/libg.a(libc_a-vfprintf.o)
                0x0000000000015448                _vfprintf_r
 .text.__sbprintf
                0x000000000001901c       0xcc /opt/devkitpro/devkitA64/lib/gcc/aarch64-none-elf/15.2.0/../../../../aarch64-none-elf/lib/pic/libg.a(libc_a-vfprintf.o)
 *fill*         0x00000000000190e8       0x18 
 .text._wcrtomb_r
                0x0000000000019100       0xd0 /opt/devkitpro/devkitA64/lib/gcc/aarch64-none-elf/15.2.0/../../../../aarch64-none-elf/lib/pic/libg.a(libc_a-wcrtomb.o)
                0x0000000000019100                _wcrtomb_r
 *fill*         0x00000000000191d0       0x10 
 .text.__swhatbuf_r
                0x00000000000191e0       0xb0 /opt/devkitpro/devkitA64/lib/gcc/aarch64-none-elf/15.2.0/../../../../aarch64-none-elf/lib/pic/libg.a(libc_a-makebuf.o)
                0x00000000000191e0                __swhatbuf_r
 *fill*         0x0000000000019290       0x10 
 .text.__smakebuf_r
                0x00000000000192a0       0xe8 /opt/devkitpro/devkitA64/lib/gcc/aarch64-none-elf/15.2.0/../../../../aarch64-none-elf/lib/pic/libg.a(libc_a-makebuf.o)
                0x00000000000192a0                __smakebuf_r
 *fill*         0x0000000000019388       0x18 
 .text.__locale_mb_cur_max
                0x00000000000193a0       0x2c /opt/devkitpro/devkitA64/lib/gcc/aarch64-none-elf/15.2.0/../../../../aarch64-none-elf/lib/pic/libg.a(libc_a-locale.o)
                0x00000000000193a0                __locale_mb_cur_max
 *fill*         0x00000000000193cc       0x14 
 .text.__sflush_r
                0x00000000000193e0      0x1ec /opt/devkitpro/devkitA64/lib/gcc/aarch64-none-elf/15.2.0/../../../../aarch64-none-elf/lib/pic/libg.a(libc_a-fflush.o)
                0x00000000000193e0                __sflush_r
 *fill*         0x00000000000195cc       0x14 
 .text._fflush_r
                0x00000000000195e0       0xbc /opt/devkitpro/devkitA64/lib/gcc/aarch64-none-elf/15.2.0/../../../../aarch64-none-elf/lib/pic/libg.a(libc_a-fflush.o)
                0x00000000000195e0                _fflush_r
 *fill*         0x000000000001969c        0x4 
 .text.__sprint_r
                0x00000000000196a0       0x38 /opt/devkitpro/devkitA64/lib/gcc/aarch64-none-elf/15.2.0/../../../../aarch64-none-elf/lib/pic/libg.a(libc_a-sprint_r.o)
                0x00000000000196a0                __sprint_r
 *fill*         0x00000000000196d8        0x8 
 .text._putc_r  0x00000000000196e0       0xe4 /opt/devkitpro/devkitA64/lib/gcc/aarch64-none-elf/15.2.0/../../../../aarch64-none-elf/lib/pic/libg.a(libc_a-putc.o)
                0x00000000000196e0                _putc_r
 *fill*         0x00000000000197c4       0x1c 
 .text.quorem   0x00000000000197e0      0x1a4 /opt/devkitpro/devkitA64/lib/gcc/aarch64-none-elf/15.2.0/../../../../aarch64-none-elf/lib/pic/libg.a(libc_a-dtoa.o)
 *fill*         0x0000000000019984       0x1c 
 .text._dtoa_r  0x00000000000199a0     0x12f0 /opt/devkitpro/devkitA64/lib/gcc/aarch64-none-elf/15.2.0/../../../../aarch64-none-elf/lib/pic/libg.a(libc_a-dtoa.o)
                0x00000000000199a0                _dtoa_r
 *fill*         0x000000000001ac90       0x10 
 .text.__swbuf_r
                0x000000000001aca0      0x118 /opt/devkitpro/devkitA64/lib/gcc/aarch64-none-elf/15.2.0/../../../../aarch64-none-elf/lib/pic/libg.a(libc_a-wbuf.o)
                0x000000000001aca0                __swbuf_r
 *fill*         0x000000000001adb8        0x8 
 .text._wcsrtombs_r
                0x000000000001adc0       0x10 /opt/devkitpro/devkitA64/lib/gcc/aarch64-none-elf/15.2.0/../../../../aarch64-none-elf/lib/pic/libg.a(libc_a-wcsrtombs.o)
                0x000000000001adc0                _wcsrtombs_r
 *fill*         0x000000000001add0       0x10 
 .text.__swsetup_r
                0x000000000001ade0      0x12c /opt/devkitpro/devkitA64/lib/gcc/aarch64-none-elf/15.2.0/../../../../aarch64-none-elf/lib/pic/libg.a(libc_a-wsetup.o)
                0x000000000001ade0                __swsetup_r
 *fill*         0x000000000001af0c       0x14 
 .text._findenv_r
                0x000000000001af20       0xf4 /opt/devkitpro/devkitA64/lib/gcc/aarch64-none-elf/15.2.0/../../../../aarch64-none-elf/lib/pic/libg.a(libc_a-getenv_r.o)
                0x000000000001af20                _findenv_r
 *fill*         0x000000000001b014        0xc 
 .text.__localeconv_l
                0x000000000001b020        0x8 /opt/devkitpro/devkitA64/lib/gcc/aarch64-none-elf/15.2.0/../../../../aarch64-none-elf/lib/pic/libg.a(libc_a-localeconv.o)
                0x000000000001b020                __localeconv_l
 *fill*         0x000000000001b028       0x18 
 .text._localeconv_r
                0x000000000001b040       0x28 /opt/devkitpro/devkitA64/lib/gcc/aarch64-none-elf/15.2.0/../../../../aarch64-none-elf/lib/pic/libg.a(libc_a-localeconv.o)
                0x000000000001b040                _localeconv_r
 *fill*         0x000000000001b068       0x18 
 .text._realloc_r
                0x000000000001b080      0x568 /opt/devkitpro/devkitA64/lib/gcc/aarch64-none-elf/15.2.0/../../../../aarch64-none-elf/lib/pic/libg.a(libc_a-reallocr.o)
                0x000000000001b080                _realloc_r
 *fill*         0x000000000001b5e8       0x18 
 .text.__utf8_wctomb
                0x000000000001b600       0xe0 /opt/devkitpro/devkitA64/lib/gcc/aarch64-none-elf/15.2.0/../../../../aarch64-none-elf/lib/pic/libg.a(libc_a-wctomb_r.o)
                0x000000000001b600                __utf8_wctomb
 .text._wcsnrtombs_l
                0x000000000001b6e0      0x188 /opt/devkitpro/devkitA64/lib/gcc/aarch64-none-elf/15.2.0/../../../../aarch64-none-elf/lib/pic/libg.a(libc_a-wcsnrtombs.o)
                0x000000000001b6e0                _wcsnrtombs_l
 *fill*         0x000000000001b868       0x18 
 .text._wcsnrtombs_r
                0x000000000001b880       0x54 /opt/devkitpro/devkitA64/lib/gcc/aarch64-none-elf/15.2.0/../../../../aarch64-none-elf/lib/pic/libg.a(libc_a-wcsnrtombs.o)
                0x000000000001b880                _wcsnrtombs_r
 *fill*         0x000000000001b8d4       0x2c 
 .text          0x000000000001b900       0xdc /opt/devkitpro/devkitA64/lib/gcc/aarch64-none-elf/15.2.0/../../../../aarch64-none-elf/lib/pic/libg.a(libc_a-memchr.o)
                0x000000000001b900                memchr
 *fill*         0x000000000001b9dc        0x4 
 .text.frexp    0x000000000001b9e0       0x7c /opt/devkitpro/devkitA64/lib/gcc/aarch64-none-elf/15.2.0/../../../../aarch64-none-elf/lib/pic/libg.a(libm_a-s_frexp.o)
                0x000000000001b9e0                frexp
 *fill*         0x000000000001ba5c       0x24 
 .text          0x000000000001ba80       0xcc /opt/devkitpro/devkitA64/lib/gcc/aarch64-none-elf/15.2.0/../../../../aarch64-none-elf/lib/pic/libg.a(libc_a-strchr.o)
                0x000000000001ba80                strchr
 *fill*         0x000000000001bb4c       0x14 
 .text.__env_lock
                0x000000000001bb60        0xc /opt/devkitpro/devkitA64/lib/gcc/aarch64-none-elf/15.2.0/../../../../aarch64-none-elf/lib/pic/libg.a(libc_a-envlock.o)
                0x000000000001bb60                __env_lock
 *fill*         0x000000000001bb6c       0x14 
 .text.__env_unlock
                0x000000000001bb80        0xc /opt/devkitpro/devkitA64/lib/gcc/aarch64-none-elf/15.2.0/../../../../aarch64-none-elf/lib/pic/libg.a(libc_a-envlock.o)
                0x000000000001bb80                __env_unlock
 *fill*         0x000000000001bb8c       0x14 
 .text.__assert_func
                0x000000000001bba0       0x64 /opt/devkitpro/devkitA64/lib/gcc/aarch64-none-elf/15.2.0/../../../../aarch64-none-elf/lib/pic/libg.a(libc_a-assert.o)
                0x000000000001bba0                __assert_func
 *fill*         0x000000000001bc04       0x1c 
 .text._Balloc  0x000000000001bc20       0xa4 /opt/devkitpro/devkitA64/lib/gcc/aarch64-none-elf/15.2.0/../../../../aarch64-none-elf/lib/pic/libg.a(libc_a-mprec.o)
                0x000000000001bc20                _Balloc
 *fill*         0x000000000001bcc4       0x1c 
 .text._Bfree   0x000000000001bce0       0x20 /opt/devkitpro/devkitA64/lib/gcc/aarch64-none-elf/15.2.0/../../../../aarch64-none-elf/lib/pic/libg.a(libc_a-mprec.o)
                0x000000000001bce0                _Bfree
 .text.__multadd
                0x000000000001bd00      0x118 /opt/devkitpro/devkitA64/lib/gcc/aarch64-none-elf/15.2.0/../../../../aarch64-none-elf/lib/pic/libg.a(libc_a-mprec.o)
                0x000000000001bd00                __multadd
 *fill*         0x000000000001be18        0x8 
 .text.__hi0bits
                0x000000000001be20       0x94 /opt/devkitpro/devkitA64/lib/gcc/aarch64-none-elf/15.2.0/../../../../aarch64-none-elf/lib/pic/libg.a(libc_a-mprec.o)
                0x000000000001be20                __hi0bits
 *fill*         0x000000000001beb4        0xc 
 .text.__lo0bits
                0x000000000001bec0      0x100 /opt/devkitpro/devkitA64/lib/gcc/aarch64-none-elf/15.2.0/../../../../aarch64-none-elf/lib/pic/libg.a(libc_a-mprec.o)
                0x000000000001bec0                __lo0bits
 .text.__i2b    0x000000000001bfc0       0x4c /opt/devkitpro/devkitA64/lib/gcc/aarch64-none-elf/15.2.0/../../../../aarch64-none-elf/lib/pic/libg.a(libc_a-mprec.o)
                0x000000000001bfc0                __i2b
 *fill*         0x000000000001c00c       0x14 
 .text.__multiply
                0x000000000001c020      0x210 /opt/devkitpro/devkitA64/lib/gcc/aarch64-none-elf/15.2.0/../../../../aarch64-none-elf/lib/pic/libg.a(libc_a-mprec.o)
                0x000000000001c020                __multiply
 *fill*         0x000000000001c230       0x10 
 .text.__pow5mult
                0x000000000001c240      0x104 /opt/devkitpro/devkitA64/lib/gcc/aarch64-none-elf/15.2.0/../../../../aarch64-none-elf/lib/pic/libg.a(libc_a-mprec.o)
                0x000000000001c240                __pow5mult
 *fill*         0x000000000001c344       0x1c 
 .text.__lshift
                0x000000000001c360      0x174 /opt/devkitpro/devkitA64/lib/gcc/aarch64-none-elf/15.2.0/../../../../aarch64-none-elf/lib/pic/libg.a(libc_a-mprec.o)
                0x000000000001c360                __lshift
 *fill*         0x000000000001c4d4        0xc 
 .text.__mcmp   0x000000000001c4e0       0x50 /opt/devkitpro/devkitA64/lib/gcc/aarch64-none-elf/15.2.0/../../../../aarch64-none-elf/lib/pic/libg.a(libc_a-mprec.o)
                0x000000000001c4e0                __mcmp
 *fill*         0x000000000001c530       0x10 
 .text.__mdiff  0x000000000001c540      0x1c4 /opt/devkitpro/devkitA64/lib/gcc/aarch64-none-elf/15.2.0/../../../../aarch64-none-elf/lib/pic/libg.a(libc_a-mprec.o)
                0x000000000001c540                __mdiff
 *fill*         0x000000000001c704       0x1c 
 .text.__d2b    0x000000000001c720      0x14c /opt/devkitpro/devkitA64/lib/gcc/aarch64-none-elf/15.2.0/../../../../aarch64-none-elf/lib/pic/libg.a(libc_a-mprec.o)
                0x000000000001c720                __d2b
 *fill*         0x000000000001c86c       0x14 
 .text.__utf8_mbtowc
                0x000000000001c880      0x2dc /opt/devkitpro/devkitA64/lib/gcc/aarch64-none-elf/15.2.0/../../../../aarch64-none-elf/lib/pic/libg.a(libc_a-mbtowc_r.o)
                0x000000000001c880                __utf8_mbtowc
 *fill*         0x000000000001cb5c        0x4 
 .text.fiprintf
                0x000000000001cb60       0x80 /opt/devkitpro/devkitA64/lib/gcc/aarch64-none-elf/15.2.0/../../../../aarch64-none-elf/lib/pic/libg.a(libc_a-fiprintf.o)
                0x000000000001cb60                fiprintf
 .text.__sfvwrite_r
                0x000000000001cbe0      0x4a4 /opt/devkitpro/devkitA64/lib/gcc/aarch64-none-elf/15.2.0/../../../../aarch64-none-elf/lib/pic/libg.a(libc_a-fvwrite.o)
                0x000000000001cbe0                __sfvwrite_r
 *fill*         0x000000000001d084       0x1c 
 .text.abort    0x000000000001d0a0       0x18 /opt/devkitpro/devkitA64/lib/gcc/aarch64-none-elf/15.2.0/../../../../aarch64-none-elf/lib/pic/libg.a(libc_a-abort.o)
                0x000000000001d0a0                abort
 *fill*         0x000000000001d0b8        0x8 
 .text._calloc_r
                0x000000000001d0c0       0xbc /opt/devkitpro/devkitA64/lib/gcc/aarch64-none-elf/15.2.0/../../../../aarch64-none-elf/lib/pic/libg.a(libc_a-callocr.o)
                0x000000000001d0c0                _calloc_r
 .text.get_arg  0x000000000001d17c      0x790 /opt/devkitpro/devkitA64/lib/gcc/aarch64-none-elf/15.2.0/../../../../aarch64-none-elf/lib/pic/libg.a(libc_a-vfiprintf.o)
 .text._vfiprintf_r
                0x000000000001d90c     0x2964 /opt/devkitpro/devkitA64/lib/gcc/aarch64-none-elf/15.2.0/../../../../aarch64-none-elf/lib/pic/libg.a(libc_a-vfiprintf.o)
                0x000000000001d90c                _vfiprintf_r
 .text.__sbprintf
                0x0000000000020270       0xcc /opt/devkitpro/devkitA64/lib/gcc/aarch64-none-elf/15.2.0/../../../../aarch64-none-elf/lib/pic/libg.a(libc_a-vfiprintf.o)
 *fill*         0x000000000002033c        0x4 
 .text._raise_r
                0x0000000000020340       0x9c /opt/devkitpro/devkitA64/lib/gcc/aarch64-none-elf/15.2.0/../../../../aarch64-none-elf/lib/pic/libg.a(libc_a-signal.o)
                0x0000000000020340                _raise_r
 *fill*         0x00000000000203dc        0x4 
 .text.raise    0x00000000000203e0       0x1c /opt/devkitpro/devkitA64/lib/gcc/aarch64-none-elf/15.2.0/../../../../aarch64-none-elf/lib/pic/libg.a(libc_a-signal.o)
                0x00000000000203e0                raise
 *fill*         0x00000000000203fc        0x4 
 .text._exit    0x0000000000020400       0x20 /opt/devkitpro/devkitA64/lib/gcc/aarch64-none-elf/15.2.0/../../../../aarch64-none-elf/lib/pic/libsysbase.a(libsysbase_libsysbase_a-_exit.o)
                0x0000000000020400                _exit
 .text.chdir    0x0000000000020420      0x16c /opt/devkitpro/devkitA64/lib/gcc/aarch64-none-elf/15.2.0/../../../../aarch64-none-elf/lib/pic/libsysbase.a(libsysbase_libsysbase_a-chdir.o)
                0x0000000000020420                chdir
 *fill*         0x000000000002058c       0x14 
 .text._concatenate_path
                0x00000000000205a0      0x218 /opt/devkitpro/devkitA64/lib/gcc/aarch64-none-elf/15.2.0/../../../../aarch64-none-elf/lib/pic/libsysbase.a(libsysbase_libsysbase_a-concatenate.o)
                0x00000000000205a0                _concatenate_path
 *fill*         0x00000000000207b8        0x8 
 .text._fstat_r
                0x00000000000207c0       0x9c /opt/devkitpro/devkitA64/lib/gcc/aarch64-none-elf/15.2.0/../../../../aarch64-none-elf/lib/pic/libsysbase.a(libsysbase_libsysbase_a-fstat.o)
                0x00000000000207c0                _fstat_r
 *fill*         0x000000000002085c        0x4 
 .text._getpid_r
                0x0000000000020860       0x10 /opt/devkitpro/devkitA64/lib/gcc/aarch64-none-elf/15.2.0/../../../../aarch64-none-elf/lib/pic/libsysbase.a(libsysbase_libsysbase_a-getpid.o)
                0x0000000000020860                _getpid_r
 *fill*         0x0000000000020870       0x10 
 .text.__getreent
                0x0000000000020880       0x20 /opt/devkitpro/devkitA64/lib/gcc/aarch64-none-elf/15.2.0/../../../../aarch64-none-elf/lib/pic/libsysbase.a(libsysbase_libsysbase_a-getreent.o)
                0x0000000000020880                __getreent
 .text.__get_handle
                0x00000000000208a0       0x60 /opt/devkitpro/devkitA64/lib/gcc/aarch64-none-elf/15.2.0/../../../../aarch64-none-elf/lib/pic/libsysbase.a(libsysbase_libsysbase_a-handle_manager.o)
                0x00000000000208a0                __get_handle
 .text._close_r